2026-02-18 13:07:29,161 [INFO] Cargando modelo YOLO: yolov8s.pt
2026-02-18 13:07:29,161 [INFO] Aplicacion iniciada.
2026-02-18 13:07:29,237 [INFO] Modelo cargado correctamente.
2026-02-18 13:07:43,376 [INFO] Deteccion iniciada (camara 0).
2026-02-18 13:07:45,306 [INFO] Camara 0 abierta.
2026-02-18 13:07:45,306 [ERROR] Error critico en hilo de video: property 'in_count' of 'LineZone' object has no setter
Traceback (most recent call last):
  File "c:\Users\camil\Documents\PROYECTOS\CONTADOR_PERSONAS\realtime_detector_personas.py", line 568, in _video_loop
    self.counter.setup_line(w, h)
    ~~~~~~~~~~~~~~~~~~~~~~~^^^^^^
  File "c:\Users\camil\Documents\PROYECTOS\CONTADOR_PERSONAS\realtime_detector_personas.py", line 102, in setup_line
    self._create_line_zone()
    ~~~~~~~~~~~~~~~~~~~~~~^^
  File "c:\Users\camil\Documents\PROYECTOS\CONTADOR_PERSONAS\realtime_detector_personas.py", line 119, in _create_line_zone
    self.line_zone.in_count = self.in_count
    ^^^^^^^^^^^^^^^^^^^^^^^
AttributeError: property 'in_count' of 'LineZone' object has no setter
2026-02-18 13:07:45,312 [INFO] Hilo de video finalizado.
2026-02-18 13:09:34,854 [INFO] Cargando modelo YOLO: yolov8s.pt
2026-02-18 13:09:34,854 [INFO] Aplicacion iniciada.
2026-02-18 13:09:34,921 [INFO] Modelo cargado correctamente.
2026-02-18 13:09:40,100 [INFO] Deteccion iniciada (camara 0).
2026-02-18 13:09:41,974 [INFO] Camara 0 abierta.
2026-02-18 13:10:54,251 [INFO] CSV exportado: C:/Users/camil/Downloads/conteo_2026-02-18_131046.csv (1 filas)
2026-02-18 13:12:35,250 [INFO] Deteccion detenida.
2026-02-18 13:12:35,589 [INFO] Hilo de video finalizado.
2026-02-18 13:12:47,057 [INFO] Deteccion iniciada (camara 0).
2026-02-18 13:12:48,707 [INFO] Camara 0 abierta.
2026-02-18 13:13:35,890 [INFO] Deteccion detenida.
2026-02-18 13:13:36,257 [INFO] Hilo de video finalizado.
2026-02-18 13:13:39,467 [INFO] Deteccion iniciada (camara 0).
2026-02-18 13:13:41,069 [INFO] Camara 0 abierta.
2026-02-18 13:14:34,862 [INFO] CSV exportado: C:\Users\camil\Documents\PROYECTOS\CONTADOR_PERSONAS\conteo_2026-02-18.csv (1 filas)
2026-02-18 13:14:34,863 [INFO] Auto-guardado: C:\Users\camil\Documents\PROYECTOS\CONTADOR_PERSONAS\conteo_2026-02-18.csv
2026-02-18 13:15:12,957 [INFO] Contadores reiniciados.
2026-02-18 13:15:12,959 [INFO] Contadores reiniciados por el usuario.
2026-02-18 13:15:22,660 [INFO] Cerrando aplicacion...
2026-02-18 13:15:23,021 [INFO] Hilo de video finalizado.
2026-02-18 13:15:23,072 [INFO] Aplicacion cerrada.
2026-02-19 11:26:29,648 [INFO] Cargando modelo YOLO: yolov8s.pt
2026-02-19 11:26:29,648 [INFO] Aplicacion iniciada.
2026-02-19 11:26:29,758 [INFO] Modelo cargado correctamente.
2026-02-19 11:26:48,493 [INFO] Deteccion iniciada (camara 0).
2026-02-19 11:26:50,348 [INFO] Camara 0 abierta.
2026-02-19 11:28:28,184 [INFO] Deteccion detenida.
2026-02-19 11:28:28,515 [INFO] Hilo de video finalizado.
2026-02-19 11:28:50,759 [INFO] Cerrando aplicacion...
2026-02-19 11:28:50,798 [INFO] Aplicacion cerrada.
2026-02-19 11:31:11,880 [INFO] Cargando modelo YOLO: yolov8s.pt
2026-02-19 11:31:11,880 [INFO] Aplicacion iniciada.
2026-02-19 11:31:11,942 [INFO] Modelo cargado correctamente.
2026-02-19 11:31:14,273 [INFO] Deteccion iniciada (camara 0).
2026-02-19 11:31:16,276 [INFO] Camara 0 abierta.
2026-02-19 11:31:41,372 [INFO] Deteccion detenida.
2026-02-19 11:31:41,753 [INFO] Hilo de video finalizado.
2026-02-19 11:31:45,091 [INFO] Cerrando aplicacion...
2026-02-19 11:31:45,125 [INFO] Aplicacion cerrada.
2026-02-19 11:40:52,530 [INFO] Cargando modelo YOLO: yolov8s.pt
2026-02-19 11:40:52,531 [INFO] Aplicacion iniciada.
2026-02-19 11:40:52,632 [INFO] Modelo cargado correctamente.
2026-02-19 11:40:56,035 [INFO] Deteccion iniciada (camara 1).
2026-02-19 11:41:00,987 [INFO] Deteccion detenida.
2026-02-19 11:41:01,503 [INFO] Deteccion iniciada (camara 2).
2026-02-19 11:41:01,749 [INFO] Camara 2 abierta.
2026-02-19 11:41:06,240 [INFO] Deteccion detenida.
2026-02-19 11:41:06,377 [INFO] Hilo de video finalizado.
2026-02-19 11:41:06,749 [INFO] Deteccion iniciada (camara 1).
2026-02-19 11:41:11,311 [INFO] Deteccion detenida.
2026-02-19 11:41:11,834 [INFO] Deteccion iniciada (camara 0).
2026-02-19 11:41:14,058 [INFO] Camara 0 abierta.
2026-02-19 11:41:17,032 [INFO] Deteccion detenida.
2026-02-19 11:41:17,329 [INFO] Hilo de video finalizado.
2026-02-19 11:41:17,546 [INFO] Deteccion iniciada (camara 3).
2026-02-19 11:41:17,721 [INFO] Camara 3 abierta.
2026-02-19 11:41:28,364 [INFO] Deteccion detenida.
2026-02-19 11:41:28,875 [INFO] Deteccion iniciada (camara 1).
2026-02-19 11:41:34,022 [INFO] Deteccion detenida.
2026-02-19 11:41:34,776 [INFO] Hilo de video finalizado.
2026-02-19 11:41:36,209 [INFO] Camara 1 abierta.
2026-02-19 11:41:36,919 [INFO] Hilo de video finalizado.
2026-02-19 11:41:38,269 [INFO] Deteccion iniciada (camara 1).
2026-02-19 11:41:47,453 [INFO] Camara 1 abierta.
2026-02-19 11:42:21,041 [INFO] Camara 1 abierta.
2026-02-19 11:42:21,230 [WARNING] Fallo de lectura de frame. Reconectando camara...
2026-02-19 11:42:34,277 [INFO] Camara 1 abierta.
2026-02-19 11:42:34,683 [WARNING] Fallo de lectura de frame. Reconectando camara...
2026-02-19 11:43:24,995 [INFO] Camara 1 abierta.
2026-02-19 11:43:25,413 [WARNING] Fallo de lectura de frame. Reconectando camara...
2026-02-19 11:43:39,524 [INFO] Camara 1 abierta.
2026-02-19 11:43:39,876 [WARNING] Fallo de lectura de frame. Reconectando camara...
2026-02-19 11:44:24,598 [INFO] Camara 1 abierta.
2026-02-19 11:44:24,754 [WARNING] Fallo de lectura de frame. Reconectando camara...
2026-02-19 11:44:38,944 [INFO] Camara 1 abierta.
2026-02-19 11:44:39,601 [WARNING] Fallo de lectura de frame. Reconectando camara...
2026-02-19 11:45:28,867 [INFO] Camara 1 abierta.
2026-02-19 11:45:29,517 [WARNING] Fallo de lectura de frame. Reconectando camara...
2026-02-19 11:45:41,954 [INFO] Camara 1 abierta.
2026-02-19 11:45:42,947 [WARNING] Fallo de lectura de frame. Reconectando camara...
2026-02-19 11:46:31,515 [INFO] Camara 1 abierta.
2026-02-19 11:46:32,477 [WARNING] Fallo de lectura de frame. Reconectando camara...
2026-02-19 11:46:46,547 [INFO] Camara 1 abierta.
2026-02-19 11:46:46,956 [WARNING] Fallo de lectura de frame. Reconectando camara...
2026-02-19 11:47:31,057 [INFO] Camara 1 abierta.
2026-02-19 11:47:31,525 [WARNING] Fallo de lectura de frame. Reconectando camara...
2026-02-19 11:47:45,483 [INFO] Camara 1 abierta.
2026-02-19 11:47:45,857 [WARNING] Fallo de lectura de frame. Reconectando camara...
2026-02-19 11:48:35,734 [INFO] Camara 1 abierta.
2026-02-19 11:48:36,149 [WARNING] Fallo de lectura de frame. Reconectando camara...
2026-02-19 11:48:48,925 [INFO] Camara 1 abierta.
2026-02-19 11:48:49,942 [WARNING] Fallo de lectura de frame. Reconectando camara...
2026-02-19 11:49:39,547 [INFO] Camara 1 abierta.
2026-02-19 11:49:40,224 [WARNING] Fallo de lectura de frame. Reconectando camara...
2026-02-19 11:49:54,755 [INFO] Camara 1 abierta.
2026-02-19 11:49:55,126 [WARNING] Fallo de lectura de frame. Reconectando camara...
2026-02-19 11:50:39,261 [INFO] Camara 1 abierta.
2026-02-19 11:50:39,933 [WARNING] Fallo de lectura de frame. Reconectando camara...
2026-02-19 11:50:52,541 [INFO] CSV exportado: c:\Users\camil\Documents\PROYECTOS\CONTADOR_PERSONAS\conteo_2026-02-19.csv (1 filas)
2026-02-19 11:50:52,542 [INFO] Auto-guardado: c:\Users\camil\Documents\PROYECTOS\CONTADOR_PERSONAS\conteo_2026-02-19.csv
2026-02-19 11:50:54,002 [INFO] Camara 1 abierta.
2026-02-19 11:50:54,697 [WARNING] Fallo de lectura de frame. Reconectando camara...
2026-02-19 11:51:43,749 [INFO] Camara 1 abierta.
2026-02-19 11:51:44,703 [WARNING] Fallo de lectura de frame. Reconectando camara...
2026-02-19 11:51:57,367 [INFO] Camara 1 abierta.
2026-02-19 11:51:58,072 [WARNING] Fallo de lectura de frame. Reconectando camara...
2026-02-19 11:52:47,345 [INFO] Camara 1 abierta.
2026-02-19 11:52:48,269 [WARNING] Fallo de lectura de frame. Reconectando camara...
2026-02-19 11:53:02,299 [INFO] Camara 1 abierta.
2026-02-19 11:53:03,059 [WARNING] Fallo de lectura de frame. Reconectando camara...
2026-02-19 11:53:48,018 [INFO] Camara 1 abierta.
2026-02-19 11:53:48,981 [WARNING] Fallo de lectura de frame. Reconectando camara...
2026-02-19 11:54:02,501 [INFO] Camara 1 abierta.
2026-02-19 11:54:03,159 [WARNING] Fallo de lectura de frame. Reconectando camara...
2026-02-19 11:54:53,698 [INFO] Camara 1 abierta.
2026-02-19 11:54:54,411 [WARNING] Fallo de lectura de frame. Reconectando camara...
2026-02-19 11:55:06,341 [INFO] Camara 1 abierta.
2026-02-19 11:55:06,477 [WARNING] Fallo de lectura de frame. Reconectando camara...
2026-02-19 11:55:52,549 [INFO] CSV exportado: c:\Users\camil\Documents\PROYECTOS\CONTADOR_PERSONAS\conteo_2026-02-19.csv (1 filas)
2026-02-19 11:55:52,549 [INFO] Auto-guardado: c:\Users\camil\Documents\PROYECTOS\CONTADOR_PERSONAS\conteo_2026-02-19.csv
2026-02-19 11:55:58,138 [INFO] Camara 1 abierta.
2026-02-19 11:55:58,529 [WARNING] Fallo de lectura de frame. Reconectando camara...
2026-02-19 11:56:01,763 [INFO] Intervalo registrado: 11:56 | Entradas: 7 | Salidas: 5
2026-02-19 11:56:11,607 [INFO] Camara 1 abierta.
2026-02-19 11:56:12,183 [WARNING] Fallo de lectura de frame. Reconectando camara...
2026-02-19 11:56:57,837 [INFO] Camara 1 abierta.
2026-02-19 11:56:57,988 [WARNING] Fallo de lectura de frame. Reconectando camara...
2026-02-19 11:57:11,882 [INFO] Camara 1 abierta.
2026-02-19 11:57:12,244 [WARNING] Fallo de lectura de frame. Reconectando camara...
2026-02-19 11:58:02,716 [INFO] Camara 1 abierta.
2026-02-19 11:58:03,147 [WARNING] Fallo de lectura de frame. Reconectando camara...
2026-02-19 11:58:15,448 [INFO] Camara 1 abierta.
2026-02-19 11:58:16,406 [WARNING] Fallo de lectura de frame. Reconectando camara...
2026-02-19 11:59:05,866 [INFO] Camara 1 abierta.
2026-02-19 11:59:06,040 [WARNING] Fallo de lectura de frame. Reconectando camara...
2026-02-19 11:59:08,471 [INFO] Deteccion detenida.
2026-02-19 11:59:08,855 [INFO] Hilo de video finalizado.
2026-02-19 11:59:11,750 [INFO] Cerrando aplicacion...
2026-02-19 11:59:11,751 [INFO] CSV exportado: c:\Users\camil\Documents\PROYECTOS\CONTADOR_PERSONAS\conteo_2026-02-19.csv (1 filas)
2026-02-19 11:59:11,751 [INFO] Datos guardados al cerrar: c:\Users\camil\Documents\PROYECTOS\CONTADOR_PERSONAS\conteo_2026-02-19.csv
2026-02-19 11:59:14,748 [INFO] Camara 1 abierta.
2026-02-19 11:59:14,812 [INFO] Aplicacion cerrada.
2026-02-20 17:03:07,319 [INFO] Cargando modelo YOLO: yolov8s.pt
2026-02-20 17:03:07,320 [INFO] Aplicacion iniciada.
2026-02-20 17:03:07,407 [INFO] Modelo cargado correctamente.
2026-02-20 17:03:18,772 [INFO] Deteccion iniciada (camara 1).
2026-02-20 17:03:20,541 [INFO] Camara 1 abierta.
2026-02-20 17:03:24,289 [INFO] Deteccion detenida.
2026-02-20 17:03:24,626 [INFO] Hilo de video finalizado.
2026-02-20 17:03:24,795 [INFO] Deteccion iniciada (camara 2).
2026-02-20 17:03:25,021 [INFO] Camara 2 abierta.
2026-02-20 17:03:27,085 [INFO] Deteccion detenida.
2026-02-20 17:03:27,138 [INFO] Hilo de video finalizado.
2026-02-20 17:03:27,599 [INFO] Deteccion iniciada (camara 0).
2026-02-20 17:03:35,884 [INFO] Deteccion detenida.
2026-02-20 17:03:37,420 [INFO] Deteccion iniciada (camara 0).
2026-02-20 17:03:51,144 [INFO] Deteccion detenida.
2026-02-20 17:03:51,649 [INFO] Deteccion iniciada (camara 3).
2026-02-20 17:03:51,838 [INFO] Camara 3 abierta.
2026-02-20 17:03:57,932 [INFO] Deteccion detenida.
2026-02-20 17:03:58,441 [INFO] Deteccion iniciada (camara 2).
2026-02-20 17:03:58,663 [INFO] Camara 2 abierta.
2026-02-20 17:03:59,834 [INFO] Camara 0 abierta.
2026-02-20 17:04:13,002 [INFO] Deteccion detenida.
2026-02-20 17:04:13,262 [INFO] Hilo de video finalizado.
2026-02-20 17:04:13,458 [INFO] Hilo de video finalizado.
2026-02-20 17:04:13,604 [INFO] Hilo de video finalizado.
2026-02-20 17:04:15,644 [INFO] Deteccion iniciada (camara 2).
2026-02-20 17:04:15,816 [INFO] Camara 2 abierta.
2026-02-20 17:04:16,987 [INFO] Camara 0 abierta.
2026-02-20 17:04:20,928 [INFO] Deteccion detenida.
2026-02-20 17:04:21,053 [INFO] Hilo de video finalizado.
2026-02-20 17:04:21,385 [INFO] Hilo de video finalizado.
2026-02-20 17:04:21,460 [INFO] Deteccion iniciada (camara 1).
2026-02-20 17:04:23,022 [INFO] Camara 1 abierta.
2026-02-20 17:04:25,292 [INFO] Deteccion detenida.
2026-02-20 17:04:25,658 [INFO] Hilo de video finalizado.
2026-02-20 17:04:25,811 [INFO] Deteccion iniciada (camara 0).
2026-02-20 17:04:37,021 [INFO] Deteccion detenida.
2026-02-20 17:04:37,527 [INFO] Deteccion iniciada (camara 2).
2026-02-20 17:04:37,692 [INFO] Camara 2 abierta.
2026-02-20 17:04:45,613 [INFO] Cerrando aplicacion...
2026-02-20 17:04:45,739 [INFO] Hilo de video finalizado.
2026-02-20 17:04:45,801 [INFO] Aplicacion cerrada.
2026-02-20 17:04:52,272 [INFO] Cargando modelo YOLO: yolov8s.pt
2026-02-20 17:04:52,272 [INFO] Aplicacion iniciada.
2026-02-20 17:04:52,338 [INFO] Modelo cargado correctamente.
2026-02-20 17:05:01,336 [INFO] Deteccion iniciada (camara 0).
2026-02-20 17:05:10,990 [INFO] Deteccion detenida.
2026-02-20 17:05:11,491 [INFO] Deteccion iniciada (camara 2).
2026-02-20 17:05:11,673 [INFO] Camara 2 abierta.
2026-02-20 17:05:28,620 [INFO] Deteccion detenida.
2026-02-20 17:05:28,766 [INFO] Hilo de video finalizado.
2026-02-20 17:05:29,130 [INFO] Deteccion iniciada (camara 3).
2026-02-20 17:05:29,307 [INFO] Camara 3 abierta.
2026-02-20 17:05:37,257 [INFO] Deteccion detenida.
2026-02-20 17:05:37,763 [INFO] Deteccion iniciada (camara 2).
2026-02-20 17:05:37,916 [INFO] Camara 2 abierta.
2026-02-20 17:05:38,954 [INFO] Camara 0 abierta.
2026-02-20 17:05:49,735 [INFO] Deteccion detenida.
2026-02-20 17:05:50,089 [INFO] Hilo de video finalizado.
2026-02-20 17:05:50,114 [INFO] Hilo de video finalizado.
2026-02-20 17:05:50,211 [INFO] Hilo de video finalizado.
2026-02-20 17:05:51,001 [INFO] Cerrando aplicacion...
2026-02-20 17:05:51,025 [INFO] Aplicacion cerrada.
2026-02-20 17:06:36,692 [INFO] Cargando modelo YOLO: yolov8s.pt
2026-02-20 17:06:36,692 [INFO] Aplicacion iniciada.
2026-02-20 17:06:36,756 [INFO] Modelo cargado correctamente.
2026-02-20 17:06:40,174 [INFO] Deteccion iniciada (camara 2).
2026-02-20 17:06:40,393 [INFO] Camara 2 abierta.
2026-02-20 17:06:56,155 [INFO] Deteccion detenida.
2026-02-20 17:06:56,286 [INFO] Hilo de video finalizado.
2026-02-20 17:06:56,670 [INFO] Deteccion iniciada (camara 0).
2026-02-20 17:07:04,130 [INFO] Deteccion detenida.
2026-02-20 17:07:04,640 [INFO] Deteccion iniciada (camara 1).
2026-02-20 17:07:06,283 [INFO] Camara 1 abierta.
2026-02-20 17:07:09,704 [INFO] Deteccion detenida.
2026-02-20 17:07:10,101 [INFO] Hilo de video finalizado.
2026-02-20 17:07:10,213 [INFO] Deteccion iniciada (camara 2).
2026-02-20 17:07:10,380 [INFO] Camara 2 abierta.
2026-02-20 17:07:22,957 [INFO] Deteccion detenida.
2026-02-20 17:07:23,151 [INFO] Hilo de video finalizado.
2026-02-20 17:07:23,473 [INFO] Deteccion iniciada (camara 3).
2026-02-20 17:07:23,648 [INFO] Camara 3 abierta.
2026-02-20 17:07:32,350 [INFO] Deteccion detenida.
2026-02-20 17:07:32,803 [INFO] Hilo de video finalizado.
2026-02-20 17:07:32,856 [INFO] Deteccion iniciada (camara 4).
2026-02-20 17:07:33,313 [INFO] Camara 4 abierta.
2026-02-20 17:07:34,860 [INFO] Camara 0 abierta.
2026-02-20 17:08:08,758 [INFO] Deteccion detenida.
2026-02-20 17:08:09,065 [INFO] Hilo de video finalizado.
2026-02-20 17:08:09,219 [INFO] Hilo de video finalizado.
2026-02-20 17:08:18,200 [INFO] Deteccion iniciada (camara 2).
2026-02-20 17:08:18,369 [INFO] Camara 2 abierta.
2026-02-20 17:08:41,634 [INFO] Cerrando aplicacion...
2026-02-20 17:08:41,813 [INFO] Hilo de video finalizado.
2026-02-20 17:08:41,858 [INFO] Aplicacion cerrada.
2026-02-20 17:08:56,026 [INFO] Cargando modelo YOLO: yolov8s.pt
2026-02-20 17:08:56,026 [INFO] Aplicacion iniciada.
2026-02-20 17:08:56,100 [INFO] Modelo cargado correctamente.
2026-02-20 17:09:00,711 [INFO] Deteccion iniciada (camara 2).
2026-02-20 17:09:00,942 [INFO] Camara 2 abierta.
2026-02-20 17:09:09,321 [INFO] Deteccion detenida.
2026-02-20 17:09:09,499 [INFO] Hilo de video finalizado.
2026-02-20 17:09:09,828 [INFO] Deteccion iniciada (camara 0).
2026-02-20 17:09:16,747 [INFO] Deteccion detenida.
2026-02-20 17:09:17,264 [INFO] Deteccion iniciada (camara 1).
2026-02-20 17:09:18,968 [INFO] Camara 1 abierta.
2026-02-20 17:09:21,313 [INFO] Deteccion detenida.
2026-02-20 17:09:21,639 [INFO] Hilo de video finalizado.
2026-02-20 17:09:21,824 [INFO] Deteccion iniciada (camara 4).
2026-02-20 17:09:22,024 [INFO] Camara 4 abierta.
2026-02-20 17:09:34,063 [INFO] Deteccion detenida.
2026-02-20 17:09:34,137 [INFO] Hilo de video finalizado.
2026-02-20 17:09:34,575 [INFO] Deteccion iniciada (camara 3).
2026-02-20 17:09:34,738 [INFO] Camara 3 abierta.
2026-02-20 17:09:43,190 [INFO] Deteccion detenida.
2026-02-20 17:09:43,700 [INFO] Deteccion iniciada (camara 1).
2026-02-20 17:09:45,680 [INFO] Camara 1 abierta.
2026-02-20 17:09:45,687 [WARNING] Fallo de lectura de frame. Reconectando camara...
2026-02-20 17:09:47,643 [INFO] Camara 1 abierta.
2026-02-20 17:09:47,644 [WARNING] Fallo de lectura de frame. Reconectando camara...
2026-02-20 17:09:49,492 [INFO] Camara 0 abierta.
2026-02-20 17:09:49,753 [INFO] Camara 1 abierta.
2026-02-20 17:09:49,759 [WARNING] Fallo de lectura de frame. Reconectando camara...
2026-02-20 17:09:52,785 [INFO] Camara 1 abierta.
2026-02-20 17:09:52,788 [WARNING] Fallo de lectura de frame. Reconectando camara...
2026-02-20 17:09:55,889 [INFO] Camara 1 abierta.
2026-02-20 17:09:55,891 [WARNING] Fallo de lectura de frame. Reconectando camara...
2026-02-20 17:09:59,020 [INFO] Camara 1 abierta.
2026-02-20 17:09:59,034 [WARNING] Fallo de lectura de frame. Reconectando camara...
2026-02-20 17:10:02,255 [INFO] Camara 1 abierta.
2026-02-20 17:10:02,258 [WARNING] Fallo de lectura de frame. Reconectando camara...
2026-02-20 17:10:05,750 [INFO] Camara 1 abierta.
2026-02-20 17:10:05,752 [WARNING] Fallo de lectura de frame. Reconectando camara...
2026-02-20 17:10:09,332 [INFO] Camara 1 abierta.
2026-02-20 17:10:09,333 [WARNING] Fallo de lectura de frame. Reconectando camara...
2026-02-20 17:10:12,725 [INFO] Camara 1 abierta.
2026-02-20 17:10:12,728 [WARNING] Fallo de lectura de frame. Reconectando camara...
2026-02-20 17:10:16,169 [INFO] Camara 1 abierta.
2026-02-20 17:10:16,185 [WARNING] Fallo de lectura de frame. Reconectando camara...
2026-02-20 17:10:19,718 [INFO] Camara 1 abierta.
2026-02-20 17:10:19,720 [WARNING] Fallo de lectura de frame. Reconectando camara...
2026-02-20 17:10:23,095 [INFO] Camara 1 abierta.
2026-02-20 17:10:23,098 [WARNING] Fallo de lectura de frame. Reconectando camara...
2026-02-20 17:10:26,153 [INFO] Camara 1 abierta.
2026-02-20 17:10:26,157 [WARNING] Fallo de lectura de frame. Reconectando camara...
2026-02-20 17:10:29,270 [INFO] Camara 1 abierta.
2026-02-20 17:10:29,272 [WARNING] Fallo de lectura de frame. Reconectando camara...
2026-02-20 17:10:32,385 [INFO] Camara 1 abierta.
2026-02-20 17:10:32,396 [WARNING] Fallo de lectura de frame. Reconectando camara...
2026-02-20 17:10:35,397 [INFO] Camara 1 abierta.
2026-02-20 17:10:35,405 [WARNING] Fallo de lectura de frame. Reconectando camara...
2026-02-20 17:10:38,440 [INFO] Camara 1 abierta.
2026-02-20 17:10:38,442 [WARNING] Fallo de lectura de frame. Reconectando camara...
2026-02-20 17:10:41,490 [INFO] Camara 1 abierta.
2026-02-20 17:10:41,492 [WARNING] Fallo de lectura de frame. Reconectando camara...
2026-02-20 17:10:44,499 [INFO] Camara 1 abierta.
2026-02-20 17:10:44,504 [WARNING] Fallo de lectura de frame. Reconectando camara...
2026-02-20 17:10:47,453 [INFO] Camara 1 abierta.
2026-02-20 17:10:47,455 [WARNING] Fallo de lectura de frame. Reconectando camara...
2026-02-20 17:10:50,430 [INFO] Camara 1 abierta.
2026-02-20 17:10:50,438 [WARNING] Fallo de lectura de frame. Reconectando camara...
2026-02-20 17:10:53,530 [INFO] Camara 1 abierta.
2026-02-20 17:10:53,532 [WARNING] Fallo de lectura de frame. Reconectando camara...
2026-02-20 17:10:56,829 [INFO] Camara 1 abierta.
2026-02-20 17:10:56,830 [WARNING] Fallo de lectura de frame. Reconectando camara...
2026-02-20 17:11:00,113 [INFO] Camara 1 abierta.
2026-02-20 17:11:00,121 [WARNING] Fallo de lectura de frame. Reconectando camara...
2026-02-20 17:11:00,740 [INFO] Deteccion detenida.
2026-02-20 17:11:01,114 [INFO] Hilo de video finalizado.
2026-02-20 17:11:01,588 [INFO] Hilo de video finalizado.
2026-02-20 17:11:02,281 [INFO] Camara 1 abierta.
2026-02-20 17:11:02,904 [INFO] Hilo de video finalizado.
2026-02-20 17:11:03,961 [INFO] Cerrando aplicacion...
2026-02-20 17:11:03,987 [INFO] Aplicacion cerrada.
2026-02-20 17:14:21,744 [INFO] Cargando modelo YOLO: yolov8s.pt
2026-02-20 17:14:21,744 [INFO] Aplicacion iniciada.
2026-02-20 17:14:21,859 [INFO] Modelo cargado correctamente.
2026-02-20 17:14:27,780 [INFO] Deteccion iniciada (camara 0).
2026-02-20 17:14:36,873 [INFO] Deteccion detenida.
2026-02-20 17:14:37,385 [INFO] Deteccion iniciada (camara 1).
2026-02-20 17:14:39,049 [INFO] Camara 1 abierta.
2026-02-20 17:14:42,485 [INFO] Deteccion detenida.
2026-02-20 17:14:42,912 [INFO] Hilo de video finalizado.
2026-02-20 17:14:42,992 [INFO] Deteccion iniciada (camara 2).
2026-02-20 17:14:43,199 [INFO] Camara 2 abierta.
2026-02-20 17:14:51,777 [INFO] Deteccion detenida.
2026-02-20 17:14:51,852 [INFO] Hilo de video finalizado.
2026-02-20 17:14:52,289 [INFO] Deteccion iniciada (camara 3).
2026-02-20 17:14:52,451 [INFO] Camara 3 abierta.
2026-02-20 17:14:58,338 [INFO] Deteccion detenida.
2026-02-20 17:14:58,847 [INFO] Deteccion iniciada (camara 4).
2026-02-20 17:14:59,078 [INFO] Camara 4 abierta.
2026-02-20 17:15:03,449 [INFO] Deteccion detenida.
2026-02-20 17:15:03,592 [INFO] Hilo de video finalizado.
2026-02-20 17:15:03,962 [INFO] Deteccion iniciada (camara 0).
2026-02-20 17:15:08,398 [INFO] Camara 0 abierta.
2026-02-20 17:15:08,406 [WARNING] Fallo de lectura de frame. Reconectando camara...
2026-02-20 17:15:24,039 [INFO] Deteccion detenida.
2026-02-20 17:15:24,882 [INFO] Hilo de video finalizado.
2026-02-20 17:15:29,100 [INFO] Cerrando aplicacion...
2026-02-20 17:15:32,149 [INFO] Aplicacion cerrada.
2026-02-20 17:17:10,799 [INFO] Cargando modelo YOLO: yolov8s.pt
2026-02-20 17:17:10,800 [INFO] Aplicacion iniciada.
2026-02-20 17:17:10,878 [INFO] Modelo cargado correctamente.
2026-02-20 17:17:16,575 [INFO] Cerrando aplicacion...
2026-02-20 17:17:16,610 [INFO] Aplicacion cerrada.
2026-02-20 17:17:56,586 [INFO] Cargando modelo YOLO: yolov8s.pt
2026-02-20 17:17:56,587 [INFO] Aplicacion iniciada.
2026-02-20 17:17:56,649 [INFO] Modelo cargado correctamente.
2026-02-20 17:18:00,213 [INFO] Deteccion iniciada (camara 0).
2026-02-20 17:18:08,027 [INFO] Deteccion detenida.
2026-02-20 17:18:08,535 [INFO] Deteccion iniciada (camara 1).
2026-02-20 17:18:10,166 [INFO] Camara 1 abierta.
2026-02-20 17:18:16,885 [INFO] Deteccion detenida.
2026-02-20 17:18:17,212 [INFO] Hilo de video finalizado.
2026-02-20 17:18:17,399 [INFO] Deteccion iniciada (camara 2).
2026-02-20 17:18:17,573 [INFO] Camara 2 abierta.
2026-02-20 17:18:34,784 [INFO] Deteccion detenida.
2026-02-20 17:18:34,840 [INFO] Hilo de video finalizado.
2026-02-20 17:18:35,292 [INFO] Deteccion iniciada (camara 3).
2026-02-20 17:18:35,450 [INFO] Camara 3 abierta.
2026-02-20 17:18:42,116 [INFO] Camara 0 abierta.
2026-02-20 17:19:10,262 [INFO] Deteccion detenida.
2026-02-20 17:19:10,563 [INFO] Hilo de video finalizado.
2026-02-20 17:19:10,771 [INFO] Deteccion iniciada (camara 4).
2026-02-20 17:19:10,911 [INFO] Hilo de video finalizado.
2026-02-20 17:19:10,991 [INFO] Camara 4 abierta.
2026-02-20 17:19:44,463 [INFO] Deteccion detenida.
2026-02-20 17:19:44,568 [INFO] Hilo de video finalizado.
2026-02-20 17:19:51,882 [INFO] Cerrando aplicacion...
2026-02-20 17:19:51,910 [INFO] Aplicacion cerrada.
2026-02-20 17:20:07,219 [INFO] Cargando modelo YOLO: yolov8s.pt
2026-02-20 17:20:07,219 [INFO] Aplicacion iniciada.
2026-02-20 17:20:07,290 [INFO] Modelo cargado correctamente.
2026-02-20 17:20:12,875 [INFO] Deteccion iniciada (camara 3).
2026-02-20 17:20:13,091 [INFO] Camara 3 abierta.
2026-02-20 17:20:27,537 [INFO] Deteccion detenida.
2026-02-20 17:20:28,043 [INFO] Deteccion iniciada (camara 4).
2026-02-20 17:20:28,257 [INFO] Camara 4 abierta.
2026-02-20 17:20:33,108 [INFO] Deteccion detenida.
2026-02-20 17:20:33,203 [INFO] Hilo de video finalizado.
2026-02-20 17:20:33,627 [INFO] Deteccion iniciada (camara 0).
2026-02-20 17:20:33,685 [INFO] Hilo de video finalizado.
2026-02-20 17:20:42,162 [INFO] Deteccion detenida.
2026-02-20 17:20:42,679 [INFO] Deteccion iniciada (camara 1).
2026-02-20 17:20:44,367 [INFO] Camara 1 abierta.
2026-02-20 17:20:47,602 [INFO] Deteccion detenida.
2026-02-20 17:20:47,941 [INFO] Hilo de video finalizado.
2026-02-20 17:20:48,113 [INFO] Deteccion iniciada (camara 2).
2026-02-20 17:20:48,290 [INFO] Camara 2 abierta.
2026-02-20 17:20:54,836 [INFO] Deteccion detenida.
2026-02-20 17:20:55,030 [INFO] Hilo de video finalizado.
2026-02-20 17:20:55,352 [INFO] Deteccion iniciada (camara 3).
2026-02-20 17:20:55,513 [INFO] Camara 3 abierta.
2026-02-20 17:20:57,968 [INFO] Cerrando aplicacion...
2026-02-20 17:20:59,166 [INFO] Hilo de video finalizado.
2026-02-20 17:20:59,211 [INFO] Aplicacion cerrada.
2026-02-20 17:22:59,819 [INFO] Cargando modelo YOLO: yolov8s.pt
2026-02-20 17:22:59,820 [INFO] Aplicacion iniciada.
2026-02-20 17:22:59,881 [INFO] Modelo cargado correctamente.
2026-02-20 17:23:07,637 [INFO] Deteccion iniciada (camara 2).
2026-02-20 17:23:07,958 [INFO] Camara 2 abierta.
2026-02-20 17:23:19,544 [INFO] Deteccion detenida.
2026-02-20 17:23:19,622 [INFO] Hilo de video finalizado.
2026-02-20 17:23:20,064 [INFO] Deteccion iniciada (camara 0).
2026-02-20 17:23:25,568 [INFO] Deteccion detenida.
2026-02-20 17:23:26,084 [INFO] Deteccion iniciada (camara 1).
2026-02-20 17:23:27,726 [INFO] Camara 1 abierta.
2026-02-20 17:23:31,766 [INFO] Deteccion detenida.
2026-02-20 17:23:32,093 [INFO] Hilo de video finalizado.
2026-02-20 17:23:32,284 [INFO] Deteccion iniciada (camara 2).
2026-02-20 17:23:32,443 [INFO] Camara 2 abierta.
2026-02-20 17:23:36,549 [INFO] Deteccion detenida.
2026-02-20 17:23:36,672 [INFO] Hilo de video finalizado.
2026-02-20 17:23:37,068 [INFO] Deteccion iniciada (camara 3).
2026-02-20 17:23:37,242 [INFO] Camara 3 abierta.
2026-02-20 17:23:41,158 [INFO] Deteccion detenida.
2026-02-20 17:23:41,668 [INFO] Deteccion iniciada (camara 4).
2026-02-20 17:23:41,887 [INFO] Camara 4 abierta.
2026-02-20 17:23:55,017 [INFO] Deteccion detenida.
2026-02-20 17:23:55,091 [INFO] Hilo de video finalizado.
2026-02-20 17:23:55,929 [INFO] Hilo de video finalizado.
2026-02-20 17:23:59,313 [INFO] Cerrando aplicacion...
2026-02-20 17:23:59,346 [INFO] Aplicacion cerrada.
2026-02-20 17:25:18,197 [INFO] Cargando modelo YOLO: yolov8s.pt
2026-02-20 17:25:18,197 [INFO] Aplicacion iniciada.
2026-02-20 17:25:18,258 [INFO] Modelo cargado correctamente.
2026-02-20 17:25:25,629 [INFO] Deteccion iniciada (camara 2).
2026-02-20 17:25:25,859 [INFO] Camara 2 abierta.
2026-02-20 17:25:37,461 [INFO] Deteccion detenida.
2026-02-20 17:25:37,528 [INFO] Hilo de video finalizado.
2026-02-20 17:25:37,971 [INFO] Deteccion iniciada (camara 0).
2026-02-20 17:25:39,786 [INFO] Camara 0 abierta.
2026-02-20 17:25:44,073 [INFO] Deteccion detenida.
2026-02-20 17:25:44,395 [INFO] Hilo de video finalizado.
2026-02-20 17:25:44,582 [INFO] Deteccion iniciada (camara 1).
2026-02-20 17:25:55,073 [INFO] Deteccion detenida.
2026-02-20 17:25:56,503 [INFO] Deteccion iniciada (camara 1).
2026-02-20 17:26:14,402 [INFO] Deteccion detenida.
2026-02-20 17:26:14,908 [INFO] Deteccion iniciada (camara 2).
2026-02-20 17:26:15,071 [INFO] Camara 2 abierta.
2026-02-20 17:26:15,137 [INFO] Camara 1 abierta.
2026-02-20 17:26:28,361 [INFO] Deteccion detenida.
2026-02-20 17:26:28,448 [INFO] Hilo de video finalizado.
2026-02-20 17:26:28,872 [INFO] Deteccion iniciada (camara 3).
2026-02-20 17:26:29,033 [INFO] Camara 3 abierta.
2026-02-20 17:26:29,054 [INFO] Hilo de video finalizado.
2026-02-20 17:26:31,535 [INFO] Camara 1 abierta.
2026-02-20 17:26:44,032 [INFO] Deteccion detenida.
2026-02-20 17:26:44,511 [INFO] Hilo de video finalizado.
2026-02-20 17:26:44,547 [INFO] Deteccion iniciada (camara 4).
2026-02-20 17:26:44,603 [INFO] Hilo de video finalizado.
2026-02-20 17:26:44,759 [INFO] Camara 4 abierta.
2026-02-20 17:26:51,834 [INFO] Deteccion detenida.
2026-02-20 17:26:51,913 [INFO] Hilo de video finalizado.
2026-02-20 17:26:52,349 [INFO] Deteccion iniciada (camara 3).
2026-02-20 17:26:52,511 [INFO] Camara 3 abierta.
2026-02-20 17:27:07,572 [INFO] Deteccion detenida.
2026-02-20 17:27:08,197 [INFO] Hilo de video finalizado.
2026-02-20 17:27:09,761 [INFO] Cerrando aplicacion...
2026-02-20 17:27:09,794 [INFO] Aplicacion cerrada.
2026-02-20 17:44:41,112 [INFO] Cargando modelo YOLO: yolov8s.pt
2026-02-20 17:44:41,112 [INFO] Aplicacion iniciada.
2026-02-20 17:44:41,182 [INFO] Modelo cargado correctamente.
2026-02-20 17:44:46,204 [INFO] Deteccion iniciada (camara 1).
2026-02-20 17:44:47,182 [INFO] Camara 1 abierta con backend DSHOW.
2026-02-20 17:46:05,324 [INFO] Deteccion detenida.
2026-02-20 17:46:05,897 [INFO] Hilo de video finalizado.
2026-02-20 17:46:25,710 [INFO] Deteccion iniciada (camara 1).
2026-02-20 17:46:26,053 [INFO] Camara 1 abierta con backend DSHOW.
2026-02-20 17:46:28,591 [INFO] Deteccion detenida.
2026-02-20 17:46:28,913 [INFO] Hilo de video finalizado.
2026-02-20 17:46:31,526 [INFO] Deteccion iniciada (camara 0).
2026-02-20 17:46:31,952 [INFO] Camara 0 abierta con backend DSHOW.
2026-02-20 17:48:41,699 [INFO] Deteccion detenida.
2026-02-20 17:48:42,053 [INFO] Hilo de video finalizado.
2026-02-20 17:48:49,489 [INFO] Cerrando aplicacion...
2026-02-20 17:48:49,521 [INFO] Aplicacion cerrada.
2026-02-21 10:19:22,429 [INFO] Cargando modelo YOLO: yolov8s.pt
2026-02-21 10:19:22,429 [INFO] Aplicacion iniciada.
2026-02-21 10:19:22,535 [INFO] Modelo cargado correctamente.
2026-02-21 10:19:26,699 [INFO] Deteccion iniciada (camara 0).
2026-02-21 10:19:27,405 [INFO] Camara 0 abierta con backend DSHOW.
2026-02-21 10:20:39,187 [INFO] Deteccion detenida.
2026-02-21 10:20:39,505 [INFO] Hilo de video finalizado.
2026-02-21 10:24:22,439 [INFO] CSV exportado: c:\Users\camil\Documents\PROYECTOS\CONTADOR_PERSONAS\conteo_2026-02-21.csv (1 filas)
2026-02-21 10:24:22,440 [INFO] Auto-guardado: c:\Users\camil\Documents\PROYECTOS\CONTADOR_PERSONAS\conteo_2026-02-21.csv
2026-02-21 10:29:22,440 [INFO] CSV exportado: c:\Users\camil\Documents\PROYECTOS\CONTADOR_PERSONAS\conteo_2026-02-21.csv (1 filas)
2026-02-21 10:29:22,441 [INFO] Auto-guardado: c:\Users\camil\Documents\PROYECTOS\CONTADOR_PERSONAS\conteo_2026-02-21.csv
2026-02-21 10:29:37,551 [INFO] Cerrando aplicacion...
2026-02-21 10:29:37,552 [INFO] CSV exportado: c:\Users\camil\Documents\PROYECTOS\CONTADOR_PERSONAS\conteo_2026-02-21.csv (1 filas)
2026-02-21 10:29:37,552 [INFO] Datos guardados al cerrar: c:\Users\camil\Documents\PROYECTOS\CONTADOR_PERSONAS\conteo_2026-02-21.csv
2026-02-21 10:29:37,602 [INFO] Aplicacion cerrada.
2026-02-21 10:29:56,317 [INFO] Cargando modelo YOLO: yolov8s.pt
2026-02-21 10:29:56,317 [INFO] Aplicacion iniciada.
2026-02-21 10:29:56,382 [INFO] Modelo cargado correctamente.
2026-02-21 10:29:58,389 [INFO] Deteccion iniciada (camara 0).
2026-02-21 10:29:59,082 [INFO] Camara 0 abierta con backend DSHOW.
2026-02-21 10:30:53,157 [INFO] CSV exportado: C:/Users/camil/Downloads/conteo_2026-02-21_103046.csv (1 filas)
2026-02-21 10:32:11,900 [INFO] Deteccion detenida.
2026-02-21 10:32:12,242 [INFO] Hilo de video finalizado.
2026-02-21 10:34:56,321 [INFO] CSV exportado: c:\Users\camil\Documents\PROYECTOS\CONTADOR_PERSONAS\conteo_2026-02-21.csv (1 filas)
2026-02-21 10:34:56,321 [INFO] Auto-guardado: c:\Users\camil\Documents\PROYECTOS\CONTADOR_PERSONAS\conteo_2026-02-21.csv
2026-02-21 10:39:56,332 [INFO] CSV exportado: c:\Users\camil\Documents\PROYECTOS\CONTADOR_PERSONAS\conteo_2026-02-21.csv (1 filas)
2026-02-21 10:39:56,333 [INFO] Auto-guardado: c:\Users\camil\Documents\PROYECTOS\CONTADOR_PERSONAS\conteo_2026-02-21.csv
2026-02-21 10:44:56,335 [INFO] CSV exportado: c:\Users\camil\Documents\PROYECTOS\CONTADOR_PERSONAS\conteo_2026-02-21.csv (1 filas)
2026-02-21 10:44:56,335 [INFO] Auto-guardado: c:\Users\camil\Documents\PROYECTOS\CONTADOR_PERSONAS\conteo_2026-02-21.csv
2026-02-21 10:44:56,626 [INFO] Cerrando aplicacion...
2026-02-21 10:44:56,626 [INFO] CSV exportado: c:\Users\camil\Documents\PROYECTOS\CONTADOR_PERSONAS\conteo_2026-02-21.csv (1 filas)
2026-02-21 10:44:56,626 [INFO] Datos guardados al cerrar: c:\Users\camil\Documents\PROYECTOS\CONTADOR_PERSONAS\conteo_2026-02-21.csv
2026-02-21 10:44:56,713 [INFO] Aplicacion cerrada.
2026-02-21 10:45:03,437 [INFO] Cargando modelo YOLO: yolov8s.pt
2026-02-21 10:45:03,437 [INFO] Aplicacion iniciada.
2026-02-21 10:45:03,498 [INFO] Modelo cargado correctamente.
2026-02-21 10:45:10,787 [INFO] Deteccion iniciada (camara 0).
2026-02-21 10:45:11,503 [INFO] Camara 0 abierta con backend DSHOW.
2026-02-21 10:47:17,718 [INFO] Deteccion detenida.
2026-02-21 10:47:18,029 [INFO] Hilo de video finalizado.
2026-02-21 10:47:18,775 [INFO] Cerrando aplicacion...
2026-02-21 10:47:18,894 [INFO] Aplicacion cerrada.
2026-02-21 11:03:35,147 [INFO] Modo de conteo cambiado a: fov
2026-02-21 11:03:35,147 [INFO] Modo de conteo cambiado a: line
2026-02-21 11:04:26,121 [INFO] Cargando modelo YOLO: yolov8s.pt
2026-02-21 11:04:26,121 [INFO] Aplicacion iniciada.
2026-02-21 11:04:26,200 [INFO] Modelo cargado correctamente.
2026-02-21 11:04:28,283 [INFO] Deteccion iniciada (camara 0).
2026-02-21 11:04:28,979 [INFO] Camara 0 abierta con backend DSHOW.
2026-02-21 11:05:03,776 [INFO] Modo de conteo cambiado a: fov
2026-02-21 11:07:18,460 [INFO] Deteccion detenida.
2026-02-21 11:07:18,876 [INFO] Hilo de video finalizado.
2026-02-21 11:07:22,734 [INFO] CSV exportado: C:/Users/camil/Downloads/conteo_2026-02-21_110719.csv (1 filas, modo=fov)
2026-02-21 11:08:22,110 [INFO] Modo de conteo cambiado a: line
2026-02-21 11:08:22,943 [INFO] Deteccion iniciada (camara 0).
2026-02-21 11:08:23,635 [INFO] Camara 0 abierta con backend DSHOW.
2026-02-21 11:08:53,216 [INFO] Deteccion detenida.
2026-02-21 11:08:53,543 [INFO] Hilo de video finalizado.
2026-02-21 11:08:58,312 [INFO] Cerrando aplicacion...
2026-02-21 11:08:58,313 [INFO] CSV exportado: c:\Users\camil\Documents\PROYECTOS\CONTADOR_PERSONAS\conteo_2026-02-21.csv (1 filas, modo=line)
2026-02-21 11:08:58,313 [INFO] Datos guardados al cerrar: c:\Users\camil\Documents\PROYECTOS\CONTADOR_PERSONAS\conteo_2026-02-21.csv
2026-02-21 11:08:58,411 [INFO] Aplicacion cerrada.
2026-02-22 20:26:56,111 [INFO] Cargando modelo YOLO: yolov8s.pt
2026-02-22 20:26:56,111 [INFO] Aplicacion iniciada.
2026-02-22 20:26:57,625 [INFO] Modelo cargado correctamente.
2026-02-22 20:28:23,658 [INFO] Deteccion iniciada (camara 0).
2026-02-22 20:28:24,517 [INFO] Camara 0 abierta con backend DSHOW.
2026-02-22 20:28:39,188 [INFO] Deteccion detenida.
2026-02-22 20:28:39,858 [INFO] Hilo de video finalizado.
2026-02-22 20:28:42,285 [INFO] Cerrando aplicacion...
2026-02-22 20:28:42,304 [INFO] CSV exportado: g:\Mi unidad\Desarrollos\Contador_personas\realtime-people-counter\conteo_2026-02-22.csv (1 filas, modo=line)
2026-02-22 20:28:42,305 [INFO] Datos guardados al cerrar: g:\Mi unidad\Desarrollos\Contador_personas\realtime-people-counter\conteo_2026-02-22.csv
2026-02-22 20:28:42,338 [INFO] Aplicacion cerrada.
2026-02-22 20:59:31,028 [INFO] Cargando modelo YOLO: yolov8s.pt
2026-02-22 20:59:31,028 [INFO] Aplicacion iniciada.
2026-02-22 20:59:31,318 [INFO] Modelo cargado correctamente.
2026-02-22 20:59:40,070 [INFO] Video seleccionado: G:/Mi unidad/Desarrollos/Contador_personas/1.mp4
2026-02-22 20:59:40,994 [INFO] Modo de conteo cambiado a: fov
2026-02-22 20:59:44,765 [INFO] Análisis iniciado: G:/Mi unidad/Desarrollos/Contador_personas/1.mp4
2026-02-22 20:59:44,808 [INFO] Video: 960x1088, 30.0 fps, 10670 frames (~05:55)
2026-02-22 21:00:26,362 [INFO] Análisis detenido por el usuario.
2026-02-22 21:00:26,477 [INFO] Hilo de video finalizado.
2026-02-22 21:00:27,271 [INFO] Cerrando aplicacion...
2026-02-22 21:00:27,287 [INFO] CSV exportado: g:\Mi unidad\Desarrollos\Contador_personas\realtime-people-counter\conteo_2026-02-22.csv (1 filas, modo=fov)
2026-02-22 21:00:27,288 [INFO] Datos guardados al cerrar: g:\Mi unidad\Desarrollos\Contador_personas\realtime-people-counter\conteo_2026-02-22.csv
2026-02-22 21:00:27,340 [INFO] Aplicacion cerrada.
2026-02-22 21:20:31,521 [INFO] Cargando modelo YOLO: yolov8s.pt
2026-02-22 21:20:31,521 [INFO] Aplicacion iniciada.
2026-02-22 21:20:31,784 [INFO] Modelo cargado correctamente.
2026-02-22 21:20:41,205 [INFO] Video seleccionado: G:/Mi unidad/Desarrollos/Contador_personas/1.mp4
2026-02-22 21:20:46,997 [INFO] Análisis iniciado: G:/Mi unidad/Desarrollos/Contador_personas/1.mp4
2026-02-22 21:20:47,037 [INFO] Video: 960x1088, 30.0 fps, 10670 frames (~05:55)
2026-02-22 21:22:40,543 [INFO] Análisis detenido por el usuario.
2026-02-22 21:22:40,598 [INFO] Hilo de video finalizado.
2026-02-22 21:22:43,403 [INFO] Modo de conteo cambiado a: fov
2026-02-22 21:22:48,691 [INFO] Video seleccionado: G:/Mi unidad/Desarrollos/Contador_personas/1.mp4
2026-02-22 21:22:49,042 [INFO] Análisis iniciado: G:/Mi unidad/Desarrollos/Contador_personas/1.mp4
2026-02-22 21:22:49,058 [INFO] Video: 960x1088, 30.0 fps, 10670 frames (~05:55)
2026-02-22 21:25:31,553 [INFO] CSV exportado: g:\Mi unidad\Desarrollos\Contador_personas\realtime-people-counter\conteo_2026-02-22.csv (1 filas, modo=fov)
2026-02-22 21:25:31,555 [INFO] Auto-guardado: g:\Mi unidad\Desarrollos\Contador_personas\realtime-people-counter\conteo_2026-02-22.csv
2026-02-22 21:30:31,597 [INFO] CSV exportado: g:\Mi unidad\Desarrollos\Contador_personas\realtime-people-counter\conteo_2026-02-22.csv (1 filas, modo=fov)
2026-02-22 21:30:31,598 [INFO] Auto-guardado: g:\Mi unidad\Desarrollos\Contador_personas\realtime-people-counter\conteo_2026-02-22.csv
2026-02-22 21:35:31,688 [INFO] CSV exportado: g:\Mi unidad\Desarrollos\Contador_personas\realtime-people-counter\conteo_2026-02-22.csv (1 filas, modo=fov)
2026-02-22 21:35:31,689 [INFO] Auto-guardado: g:\Mi unidad\Desarrollos\Contador_personas\realtime-people-counter\conteo_2026-02-22.csv
2026-02-22 21:37:30,963 [INFO] Análisis detenido por el usuario.
2026-02-22 21:37:31,067 [INFO] Hilo de video finalizado.
2026-02-22 21:37:33,228 [INFO] Cerrando aplicacion...
2026-02-22 21:37:33,251 [INFO] CSV exportado: g:\Mi unidad\Desarrollos\Contador_personas\realtime-people-counter\conteo_2026-02-22.csv (1 filas, modo=fov)
2026-02-22 21:37:33,252 [INFO] Datos guardados al cerrar: g:\Mi unidad\Desarrollos\Contador_personas\realtime-people-counter\conteo_2026-02-22.csv
2026-02-22 21:37:33,295 [INFO] Aplicacion cerrada.
2026-02-22 21:40:04,313 [INFO] Cargando modelo YOLO: yolov8s.pt
2026-02-22 21:40:04,313 [INFO] Aplicacion iniciada.
2026-02-22 21:40:04,598 [INFO] Modelo cargado correctamente.
2026-02-22 21:40:33,541 [INFO] Modo de conteo cambiado a: fov
2026-02-22 21:40:43,356 [INFO] Video seleccionado: G:/Mi unidad/Desarrollos/Contador_personas/1.mp4
2026-02-22 21:40:44,824 [INFO] Análisis iniciado: G:/Mi unidad/Desarrollos/Contador_personas/1.mp4
2026-02-22 21:40:44,855 [INFO] Reader: 960x1088, 30.0 fps, 10670 frames
2026-02-22 21:45:04,373 [INFO] CSV exportado: g:\Mi unidad\Desarrollos\Contador_personas\realtime-people-counter\conteo_2026-02-22.csv (1 filas, modo=fov)
2026-02-22 21:45:04,377 [INFO] Auto-guardado: g:\Mi unidad\Desarrollos\Contador_personas\realtime-people-counter\conteo_2026-02-22.csv
2026-02-22 21:50:04,451 [INFO] CSV exportado: g:\Mi unidad\Desarrollos\Contador_personas\realtime-people-counter\conteo_2026-02-22.csv (1 filas, modo=fov)
2026-02-22 21:50:04,453 [INFO] Auto-guardado: g:\Mi unidad\Desarrollos\Contador_personas\realtime-people-counter\conteo_2026-02-22.csv
2026-02-22 21:55:04,512 [INFO] CSV exportado: g:\Mi unidad\Desarrollos\Contador_personas\realtime-people-counter\conteo_2026-02-22.csv (1 filas, modo=fov)
2026-02-22 21:55:04,513 [INFO] Auto-guardado: g:\Mi unidad\Desarrollos\Contador_personas\realtime-people-counter\conteo_2026-02-22.csv
2026-02-22 22:00:04,542 [INFO] CSV exportado: g:\Mi unidad\Desarrollos\Contador_personas\realtime-people-counter\conteo_2026-02-22.csv (2 filas, modo=fov)
2026-02-22 22:00:04,544 [INFO] Auto-guardado: g:\Mi unidad\Desarrollos\Contador_personas\realtime-people-counter\conteo_2026-02-22.csv
2026-02-22 22:05:04,604 [INFO] CSV exportado: g:\Mi unidad\Desarrollos\Contador_personas\realtime-people-counter\conteo_2026-02-22.csv (2 filas, modo=fov)
2026-02-22 22:05:04,610 [INFO] Auto-guardado: g:\Mi unidad\Desarrollos\Contador_personas\realtime-people-counter\conteo_2026-02-22.csv
2026-02-22 22:07:59,158 [INFO] Reader: finalizado (10670 frames leidos).
2026-02-22 22:08:01,207 [INFO] Processor: finalizado.
2026-02-22 22:08:13,356 [INFO] CSV exportado: G:/Mi unidad/Desarrollos/Contador_personas/conteo_2026-02-22_220810.csv (2 filas, modo=fov)
2026-02-22 22:08:19,537 [INFO] Cerrando aplicacion...
2026-02-22 22:08:19,552 [INFO] CSV exportado: g:\Mi unidad\Desarrollos\Contador_personas\realtime-people-counter\conteo_2026-02-22.csv (2 filas, modo=fov)
2026-02-22 22:08:19,554 [INFO] Datos guardados al cerrar: g:\Mi unidad\Desarrollos\Contador_personas\realtime-people-counter\conteo_2026-02-22.csv
2026-02-22 22:08:19,603 [INFO] Aplicacion cerrada.
2026-02-25 21:32:14,918 [INFO] Cargando modelo YOLO: yolov8s.pt
2026-02-25 21:32:14,918 [INFO] Aplicacion iniciada.
2026-02-25 21:32:15,629 [INFO] Modelo cargado correctamente.
2026-02-25 21:34:10,531 [INFO] Cerrando aplicacion...
2026-02-25 21:34:10,561 [INFO] Aplicacion cerrada.
2026-02-25 21:36:23,698 [INFO] Cargando modelo YOLO: yolov8s.pt
2026-02-25 21:36:23,699 [INFO] Aplicacion iniciada.
2026-02-25 21:36:26,034 [INFO] Modelo cargado correctamente.
2026-02-25 21:36:42,830 [INFO] Video seleccionado: G:/Mi unidad/Desarrollos/Contador_personas/1.mp4
2026-02-25 21:36:45,095 [INFO] Análisis iniciado: G:/Mi unidad/Desarrollos/Contador_personas/1.mp4
2026-02-25 21:36:45,128 [INFO] Reader: 960x1088, 30.0 fps, 10670 frames
2026-02-25 21:40:16,817 [INFO] Reader: finalizado (10670 frames leidos).
2026-02-25 21:40:16,979 [INFO] Processor: finalizado.
2026-02-25 21:40:24,561 [INFO] Contadores reiniciados.
2026-02-25 21:40:24,561 [INFO] Contadores reiniciados por el usuario.
2026-02-25 21:40:27,211 [INFO] Modo de conteo cambiado a: fov
2026-02-25 21:41:07,190 [INFO] Análisis iniciado: G:/Mi unidad/Desarrollos/Contador_personas/1.mp4
2026-02-25 21:41:07,226 [INFO] Reader: 960x1088, 30.0 fps, 10670 frames
2026-02-25 21:41:23,727 [INFO] CSV exportado: g:\Mi unidad\Desarrollos\Contador_personas\realtime-people-counter\conteo_2026-02-25.csv (1 filas, modo=fov)
2026-02-25 21:41:23,730 [INFO] Auto-guardado: g:\Mi unidad\Desarrollos\Contador_personas\realtime-people-counter\conteo_2026-02-25.csv
2026-02-25 21:43:24,069 [INFO] Reader: finalizado (10670 frames leidos).
2026-02-25 21:43:24,433 [INFO] Processor: finalizado.
2026-02-25 21:43:38,054 [INFO] Cerrando aplicacion...
2026-02-25 21:43:38,070 [INFO] CSV exportado: g:\Mi unidad\Desarrollos\Contador_personas\realtime-people-counter\conteo_2026-02-25.csv (1 filas, modo=fov)
2026-02-25 21:43:38,072 [INFO] Datos guardados al cerrar: g:\Mi unidad\Desarrollos\Contador_personas\realtime-people-counter\conteo_2026-02-25.csv
2026-02-25 21:43:38,108 [INFO] Aplicacion cerrada.
2026-02-25 21:45:20,702 [INFO] Cargando modelo YOLO: yolov8s.pt
2026-02-25 21:45:20,702 [INFO] Aplicacion iniciada.
2026-02-25 21:45:22,291 [INFO] Modelo cargado correctamente.
2026-02-25 21:45:25,406 [INFO] Cerrando aplicacion...
2026-02-25 21:45:25,432 [INFO] Aplicacion cerrada.
2026-02-25 21:46:25,316 [INFO] Cargando modelo YOLO: yolov8s.pt
2026-02-25 21:46:25,316 [INFO] Aplicacion iniciada.
2026-02-25 21:46:26,866 [INFO] Modelo cargado correctamente.
2026-02-25 21:47:28,626 [INFO] Cerrando aplicacion...
2026-02-25 21:47:28,663 [INFO] Aplicacion cerrada.
2026-02-25 22:06:15,875 [INFO] Cargando modelo YOLO: yolov8s.pt
2026-02-25 22:06:15,875 [INFO] Aplicacion iniciada.
2026-02-25 22:06:17,555 [INFO] Modelo cargado correctamente.
2026-02-25 22:08:50,216 [INFO] Video seleccionado: G:/Mi unidad/Desarrollos/Contador_personas/1.mp4
2026-02-25 22:09:15,395 [INFO] Modo de conteo cambiado a: fov
2026-02-25 22:09:19,015 [INFO] Cerrando aplicacion...
2026-02-25 22:09:19,055 [INFO] Aplicacion cerrada.
2026-02-25 22:16:47,781 [INFO] Cargando modelo YOLO: yolov8s.pt
2026-02-25 22:16:47,781 [INFO] Aplicacion iniciada.
2026-02-25 22:16:49,400 [INFO] Modelo cargado correctamente.
2026-02-25 22:17:02,751 [INFO] Video seleccionado: G:/Mi unidad/Desarrollos/Contador_personas/1.mp4
2026-02-25 22:17:07,988 [INFO] Modo de conteo cambiado a: fov
2026-02-25 22:17:25,181 [INFO] Análisis iniciado: G:/Mi unidad/Desarrollos/Contador_personas/1.mp4
2026-02-25 22:17:25,221 [INFO] Reader: 960x1088, 30.0 fps, 10670 frames
2026-02-25 22:19:44,093 [INFO] Reader: finalizado (10670 frames leidos).
2026-02-25 22:19:44,297 [INFO] Processor: finalizado.
2026-02-25 22:21:45,752 [INFO] Cerrando aplicacion...
2026-02-25 22:21:45,772 [INFO] CSV exportado: g:\Mi unidad\Desarrollos\Contador_personas\realtime-people-counter\conteo_2026-02-25.csv (1 filas, modo=fov)
2026-02-25 22:21:45,772 [INFO] Datos guardados al cerrar: g:\Mi unidad\Desarrollos\Contador_personas\realtime-people-counter\conteo_2026-02-25.csv
2026-02-25 22:21:45,818 [INFO] Aplicacion cerrada.
2026-02-26 12:18:33,587 [INFO] Cargando modelo YOLO: yolov8s.pt
2026-02-26 12:18:33,587 [INFO] Aplicacion iniciada.
2026-02-26 12:18:36,273 [INFO] Modelo cargado correctamente.
2026-02-26 12:18:41,735 [INFO] Video seleccionado: G:/Mi unidad/Desarrollos/Contador_personas/1.mp4
2026-02-26 12:18:57,907 [INFO] Análisis iniciado: G:/Mi unidad/Desarrollos/Contador_personas/1.mp4
2026-02-26 12:18:57,962 [INFO] Reader: 960x1088, 30.0 fps, 10670 frames
2026-02-26 12:19:36,704 [INFO] Análisis detenido por el usuario.
2026-02-26 12:19:36,753 [INFO] Processor: finalizado.
2026-02-26 12:19:40,302 [INFO] Contadores reiniciados.
2026-02-26 12:19:40,309 [INFO] Contadores reiniciados por el usuario.
2026-02-26 12:19:44,594 [INFO] Cerrando aplicacion...
2026-02-26 12:19:44,594 [INFO] Reader: finalizado (1594 frames leidos).
2026-02-26 12:19:44,670 [INFO] Aplicacion cerrada.
2026-02-26 12:22:52,916 [INFO] Cargando modelo YOLO: yolov8s.pt
2026-02-26 12:22:52,916 [INFO] Aplicacion iniciada.
2026-02-26 12:22:54,779 [INFO] Modelo cargado correctamente.
2026-02-26 12:23:00,237 [INFO] Video seleccionado: G:/Mi unidad/Desarrollos/Contador_personas/A01_02_25_90000.mp4
2026-02-26 12:23:21,928 [INFO] Análisis iniciado: G:/Mi unidad/Desarrollos/Contador_personas/A01_02_25_90000.mp4
2026-02-26 12:23:21,969 [INFO] Reader: 640x480, 30.0 fps, 106471 frames
2026-02-26 12:27:53,448 [INFO] CSV exportado: g:\Mi unidad\Desarrollos\Contador_personas\realtime-people-counter\conteo_2026-02-26.csv (1 filas, modo=line)
2026-02-26 12:27:53,449 [INFO] Auto-guardado: g:\Mi unidad\Desarrollos\Contador_personas\realtime-people-counter\conteo_2026-02-26.csv
2026-02-26 12:32:53,465 [INFO] CSV exportado: g:\Mi unidad\Desarrollos\Contador_personas\realtime-people-counter\conteo_2026-02-26.csv (1 filas, modo=line)
2026-02-26 12:32:53,466 [INFO] Auto-guardado: g:\Mi unidad\Desarrollos\Contador_personas\realtime-people-counter\conteo_2026-02-26.csv
2026-02-26 12:37:53,478 [INFO] CSV exportado: g:\Mi unidad\Desarrollos\Contador_personas\realtime-people-counter\conteo_2026-02-26.csv (1 filas, modo=line)
2026-02-26 12:37:53,479 [INFO] Auto-guardado: g:\Mi unidad\Desarrollos\Contador_personas\realtime-people-counter\conteo_2026-02-26.csv
2026-02-26 12:42:10,912 [INFO] Reader: finalizado (106471 frames leidos).
2026-02-26 12:42:11,052 [INFO] Processor: finalizado.
2026-02-26 12:42:53,514 [INFO] CSV exportado: g:\Mi unidad\Desarrollos\Contador_personas\realtime-people-counter\conteo_2026-02-26.csv (2 filas, modo=line)
2026-02-26 12:42:53,515 [INFO] Auto-guardado: g:\Mi unidad\Desarrollos\Contador_personas\realtime-people-counter\conteo_2026-02-26.csv
2026-02-26 12:47:53,547 [INFO] CSV exportado: g:\Mi unidad\Desarrollos\Contador_personas\realtime-people-counter\conteo_2026-02-26.csv (2 filas, modo=line)
2026-02-26 12:47:53,548 [INFO] Auto-guardado: g:\Mi unidad\Desarrollos\Contador_personas\realtime-people-counter\conteo_2026-02-26.csv
2026-02-26 12:52:53,560 [INFO] CSV exportado: g:\Mi unidad\Desarrollos\Contador_personas\realtime-people-counter\conteo_2026-02-26.csv (2 filas, modo=line)
2026-02-26 12:52:53,561 [INFO] Auto-guardado: g:\Mi unidad\Desarrollos\Contador_personas\realtime-people-counter\conteo_2026-02-26.csv
2026-02-26 13:26:30,592 [INFO] CSV exportado: g:\Mi unidad\Desarrollos\Contador_personas\realtime-people-counter\conteo_2026-02-26.csv (2 filas, modo=line)
2026-02-26 13:26:30,599 [INFO] Auto-guardado: g:\Mi unidad\Desarrollos\Contador_personas\realtime-people-counter\conteo_2026-02-26.csv
2026-02-26 14:33:25,038 [INFO] CSV exportado: g:\Mi unidad\Desarrollos\Contador_personas\realtime-people-counter\conteo_2026-02-26.csv (2 filas, modo=line)
2026-02-26 14:33:25,068 [INFO] Auto-guardado: g:\Mi unidad\Desarrollos\Contador_personas\realtime-people-counter\conteo_2026-02-26.csv
2026-02-26 14:38:25,165 [INFO] CSV exportado: g:\Mi unidad\Desarrollos\Contador_personas\realtime-people-counter\conteo_2026-02-26.csv (2 filas, modo=line)
2026-02-26 14:38:25,166 [INFO] Auto-guardado: g:\Mi unidad\Desarrollos\Contador_personas\realtime-people-counter\conteo_2026-02-26.csv
2026-02-26 14:41:35,883 [INFO] Video seleccionado: G:/Mi unidad/Desarrollos/Contador_personas/A01_02_25_12000.mp4
2026-02-26 14:41:56,088 [INFO] Análisis iniciado: G:/Mi unidad/Desarrollos/Contador_personas/A01_02_25_12000.mp4
2026-02-26 14:41:56,131 [INFO] Reader: 640x480, 30.0 fps, 221135 frames
2026-02-26 14:42:13,330 [INFO] Análisis detenido por el usuario.
2026-02-26 14:42:13,388 [INFO] Processor: finalizado.
2026-02-26 14:42:57,137 [INFO] Contadores reiniciados.
2026-02-26 14:42:57,137 [INFO] Contadores reiniciados por el usuario.
2026-02-26 14:43:02,589 [INFO] Video seleccionado: G:/Mi unidad/Desarrollos/Contador_personas/A01_02_25_12000.mp4
2026-02-26 14:43:04,173 [INFO] Reader: finalizado (1482 frames leidos).
2026-02-26 14:43:04,180 [INFO] Processor: finalizado.
2026-02-26 14:43:04,188 [INFO] Análisis iniciado: G:/Mi unidad/Desarrollos/Contador_personas/A01_02_25_12000.mp4
2026-02-26 14:43:04,228 [INFO] Reader: 640x480, 30.0 fps, 221135 frames
2026-02-26 14:43:08,827 [INFO] Análisis iniciado: G:/Mi unidad/Desarrollos/Contador_personas/A01_02_25_12000.mp4
2026-02-26 14:43:08,861 [INFO] Reader: 640x480, 30.0 fps, 221135 frames
2026-02-26 14:43:25,175 [INFO] CSV exportado: g:\Mi unidad\Desarrollos\Contador_personas\realtime-people-counter\conteo_2026-02-26.csv (1 filas, modo=line)
2026-02-26 14:43:25,175 [INFO] Auto-guardado: g:\Mi unidad\Desarrollos\Contador_personas\realtime-people-counter\conteo_2026-02-26.csv
2026-02-26 14:48:25,200 [INFO] CSV exportado: g:\Mi unidad\Desarrollos\Contador_personas\realtime-people-counter\conteo_2026-02-26.csv (1 filas, modo=line)
2026-02-26 14:48:25,200 [INFO] Auto-guardado: g:\Mi unidad\Desarrollos\Contador_personas\realtime-people-counter\conteo_2026-02-26.csv
2026-02-26 14:53:25,211 [INFO] CSV exportado: g:\Mi unidad\Desarrollos\Contador_personas\realtime-people-counter\conteo_2026-02-26.csv (1 filas, modo=line)
2026-02-26 14:53:25,211 [INFO] Auto-guardado: g:\Mi unidad\Desarrollos\Contador_personas\realtime-people-counter\conteo_2026-02-26.csv
2026-02-26 14:58:25,231 [INFO] CSV exportado: g:\Mi unidad\Desarrollos\Contador_personas\realtime-people-counter\conteo_2026-02-26.csv (2 filas, modo=line)
2026-02-26 14:58:25,231 [INFO] Auto-guardado: g:\Mi unidad\Desarrollos\Contador_personas\realtime-people-counter\conteo_2026-02-26.csv
2026-02-26 15:03:25,250 [INFO] CSV exportado: g:\Mi unidad\Desarrollos\Contador_personas\realtime-people-counter\conteo_2026-02-26.csv (2 filas, modo=line)
2026-02-26 15:03:25,251 [INFO] Auto-guardado: g:\Mi unidad\Desarrollos\Contador_personas\realtime-people-counter\conteo_2026-02-26.csv
2026-02-26 15:08:25,714 [INFO] CSV exportado: g:\Mi unidad\Desarrollos\Contador_personas\realtime-people-counter\conteo_2026-02-26.csv (2 filas, modo=line)
2026-02-26 15:08:25,715 [INFO] Auto-guardado: g:\Mi unidad\Desarrollos\Contador_personas\realtime-people-counter\conteo_2026-02-26.csv
2026-02-26 15:13:49,021 [INFO] Reset periodico del tracker.
2026-02-26 15:13:49,045 [INFO] CSV exportado: g:\Mi unidad\Desarrollos\Contador_personas\realtime-people-counter\conteo_2026-02-26.csv (2 filas, modo=line)
2026-02-26 15:13:49,114 [INFO] Auto-guardado: g:\Mi unidad\Desarrollos\Contador_personas\realtime-people-counter\conteo_2026-02-26.csv
2026-02-26 15:18:49,171 [INFO] CSV exportado: g:\Mi unidad\Desarrollos\Contador_personas\realtime-people-counter\conteo_2026-02-26.csv (3 filas, modo=line)
2026-02-26 15:18:49,171 [INFO] Auto-guardado: g:\Mi unidad\Desarrollos\Contador_personas\realtime-people-counter\conteo_2026-02-26.csv
2026-02-26 15:23:49,205 [INFO] CSV exportado: g:\Mi unidad\Desarrollos\Contador_personas\realtime-people-counter\conteo_2026-02-26.csv (3 filas, modo=line)
2026-02-26 15:23:49,207 [INFO] Auto-guardado: g:\Mi unidad\Desarrollos\Contador_personas\realtime-people-counter\conteo_2026-02-26.csv
2026-02-26 15:25:46,778 [INFO] Análisis detenido por el usuario.
2026-02-26 15:25:46,806 [INFO] Processor: finalizado.
2026-02-26 15:25:51,876 [INFO] Contadores reiniciados.
2026-02-26 15:25:51,876 [INFO] Contadores reiniciados por el usuario.
2026-02-26 15:25:54,928 [INFO] Cerrando aplicacion...
2026-02-26 15:25:57,949 [INFO] Aplicacion cerrada.
2026-02-26 15:30:13,372 [INFO] Cargando modelo YOLO: yolov8s.pt
2026-02-26 15:30:13,372 [INFO] Aplicacion iniciada.
2026-02-26 15:30:15,346 [INFO] Modelo cargado correctamente.
2026-02-26 15:31:15,764 [INFO] Video seleccionado: G:/Mi unidad/Desarrollos/Contador_personas/A01_02_25_90000.mp4
2026-02-26 15:31:19,141 [INFO] Modo de conteo cambiado a: roi
2026-02-26 15:31:39,936 [INFO] Modo de conteo cambiado a: line
2026-02-26 15:31:43,785 [INFO] Modo de conteo cambiado a: roi
2026-02-26 15:31:45,281 [INFO] Análisis iniciado: G:/Mi unidad/Desarrollos/Contador_personas/A01_02_25_90000.mp4
2026-02-26 15:31:45,327 [INFO] Reader: 640x480, 30.0 fps, 106471 frames
2026-02-26 15:31:54,735 [INFO] Análisis detenido por el usuario.
2026-02-26 15:31:54,917 [INFO] Processor: finalizado.
2026-02-26 15:31:59,636 [INFO] Cerrando aplicacion...
2026-02-26 15:31:59,636 [INFO] Reader: finalizado (277 frames leidos).
2026-02-26 15:31:59,655 [INFO] CSV exportado: g:\Mi unidad\Desarrollos\Contador_personas\realtime-people-counter\conteo_2026-02-26.csv (1 filas, modo=roi)
2026-02-26 15:31:59,655 [INFO] Datos guardados al cerrar: g:\Mi unidad\Desarrollos\Contador_personas\realtime-people-counter\conteo_2026-02-26.csv
2026-02-26 15:31:59,710 [INFO] Aplicacion cerrada.
2026-02-26 15:33:07,254 [INFO] Cargando modelo YOLO: yolov8s.pt
2026-02-26 15:33:07,254 [INFO] Aplicacion iniciada.
2026-02-26 15:33:08,823 [INFO] Modelo cargado correctamente.
2026-02-26 15:33:18,325 [INFO] Video seleccionado: G:/Mi unidad/Desarrollos/Contador_personas/A01_02_25_90000.mp4
2026-02-26 15:33:19,423 [INFO] Modo de conteo cambiado a: roi
2026-02-26 15:33:27,143 [INFO] Análisis iniciado: G:/Mi unidad/Desarrollos/Contador_personas/A01_02_25_90000.mp4
2026-02-26 15:33:27,190 [INFO] Reader: 640x480, 30.0 fps, 106471 frames
2026-02-26 15:33:44,396 [INFO] Análisis detenido por el usuario.
2026-02-26 15:33:44,407 [INFO] Processor: finalizado.
2026-02-26 15:33:45,873 [INFO] Cerrando aplicacion...
2026-02-26 15:33:45,873 [INFO] Reader: finalizado (557 frames leidos).
2026-02-26 15:33:45,890 [INFO] CSV exportado: g:\Mi unidad\Desarrollos\Contador_personas\realtime-people-counter\conteo_2026-02-26.csv (1 filas, modo=roi)
2026-02-26 15:33:45,891 [INFO] Datos guardados al cerrar: g:\Mi unidad\Desarrollos\Contador_personas\realtime-people-counter\conteo_2026-02-26.csv
2026-02-26 15:33:45,938 [INFO] Aplicacion cerrada.
2026-02-26 15:34:33,896 [INFO] Cargando modelo YOLO: yolov8s.pt
2026-02-26 15:34:33,896 [INFO] Aplicacion iniciada.
2026-02-26 15:34:35,379 [INFO] Modelo cargado correctamente.
2026-02-26 15:34:50,705 [INFO] Video seleccionado: G:/Mi unidad/Desarrollos/Contador_personas/A01_02_25_90000.mp4
2026-02-26 15:34:52,077 [INFO] Modo de conteo cambiado a: roi
2026-02-26 15:34:58,218 [INFO] Análisis iniciado: G:/Mi unidad/Desarrollos/Contador_personas/A01_02_25_90000.mp4
2026-02-26 15:34:58,264 [INFO] Reader: 640x480, 30.0 fps, 106471 frames
2026-02-26 15:35:20,341 [INFO] Análisis detenido por el usuario.
2026-02-26 15:35:20,351 [INFO] Processor: finalizado.
2026-02-26 15:35:21,103 [INFO] Cerrando aplicacion...
2026-02-26 15:35:21,105 [INFO] Reader: finalizado (1861 frames leidos).
2026-02-26 15:35:21,117 [INFO] CSV exportado: g:\Mi unidad\Desarrollos\Contador_personas\realtime-people-counter\conteo_2026-02-26.csv (1 filas, modo=roi)
2026-02-26 15:35:21,117 [INFO] Datos guardados al cerrar: g:\Mi unidad\Desarrollos\Contador_personas\realtime-people-counter\conteo_2026-02-26.csv
2026-02-26 15:35:21,157 [INFO] Aplicacion cerrada.
2026-02-26 15:36:13,195 [INFO] Cargando modelo YOLO: yolov8s.pt
2026-02-26 15:36:13,195 [INFO] Aplicacion iniciada.
2026-02-26 15:36:14,748 [INFO] Modelo cargado correctamente.
2026-02-26 15:37:08,536 [INFO] Video seleccionado: G:/Mi unidad/Desarrollos/Contador_personas/A01_02_25_90000.mp4
2026-02-26 15:37:08,878 [INFO] Modo de conteo cambiado a: roi
2026-02-26 15:37:19,446 [INFO] Análisis iniciado: G:/Mi unidad/Desarrollos/Contador_personas/A01_02_25_90000.mp4
2026-02-26 15:37:19,477 [INFO] Reader: 640x480, 30.0 fps, 106471 frames
2026-02-26 15:41:13,212 [INFO] CSV exportado: g:\Mi unidad\Desarrollos\Contador_personas\realtime-people-counter\conteo_2026-02-26.csv (1 filas, modo=roi)
2026-02-26 15:41:13,212 [INFO] Auto-guardado: g:\Mi unidad\Desarrollos\Contador_personas\realtime-people-counter\conteo_2026-02-26.csv
2026-02-26 15:46:13,245 [INFO] CSV exportado: g:\Mi unidad\Desarrollos\Contador_personas\realtime-people-counter\conteo_2026-02-26.csv (1 filas, modo=roi)
2026-02-26 15:46:13,245 [INFO] Auto-guardado: g:\Mi unidad\Desarrollos\Contador_personas\realtime-people-counter\conteo_2026-02-26.csv
2026-02-26 15:51:13,257 [INFO] CSV exportado: g:\Mi unidad\Desarrollos\Contador_personas\realtime-people-counter\conteo_2026-02-26.csv (1 filas, modo=roi)
2026-02-26 15:51:13,257 [INFO] Auto-guardado: g:\Mi unidad\Desarrollos\Contador_personas\realtime-people-counter\conteo_2026-02-26.csv
2026-02-26 15:56:13,279 [INFO] CSV exportado: g:\Mi unidad\Desarrollos\Contador_personas\realtime-people-counter\conteo_2026-02-26.csv (2 filas, modo=roi)
2026-02-26 15:56:13,279 [INFO] Auto-guardado: g:\Mi unidad\Desarrollos\Contador_personas\realtime-people-counter\conteo_2026-02-26.csv
2026-02-26 16:01:13,363 [INFO] CSV exportado: g:\Mi unidad\Desarrollos\Contador_personas\realtime-people-counter\conteo_2026-02-26.csv (2 filas, modo=roi)
2026-02-26 16:01:13,363 [INFO] Auto-guardado: g:\Mi unidad\Desarrollos\Contador_personas\realtime-people-counter\conteo_2026-02-26.csv
2026-02-26 16:06:13,384 [INFO] CSV exportado: g:\Mi unidad\Desarrollos\Contador_personas\realtime-people-counter\conteo_2026-02-26.csv (2 filas, modo=roi)
2026-02-26 16:06:13,384 [INFO] Auto-guardado: g:\Mi unidad\Desarrollos\Contador_personas\realtime-people-counter\conteo_2026-02-26.csv
2026-02-26 16:07:19,626 [INFO] Reset periodico del tracker.
2026-02-26 16:11:13,399 [INFO] CSV exportado: g:\Mi unidad\Desarrollos\Contador_personas\realtime-people-counter\conteo_2026-02-26.csv (3 filas, modo=roi)
2026-02-26 16:11:13,399 [INFO] Auto-guardado: g:\Mi unidad\Desarrollos\Contador_personas\realtime-people-counter\conteo_2026-02-26.csv
2026-02-26 16:16:13,417 [INFO] CSV exportado: g:\Mi unidad\Desarrollos\Contador_personas\realtime-people-counter\conteo_2026-02-26.csv (3 filas, modo=roi)
2026-02-26 16:16:13,417 [INFO] Auto-guardado: g:\Mi unidad\Desarrollos\Contador_personas\realtime-people-counter\conteo_2026-02-26.csv
2026-02-26 16:21:14,177 [INFO] CSV exportado: g:\Mi unidad\Desarrollos\Contador_personas\realtime-people-counter\conteo_2026-02-26.csv (3 filas, modo=roi)
2026-02-26 16:21:14,177 [INFO] Auto-guardado: g:\Mi unidad\Desarrollos\Contador_personas\realtime-people-counter\conteo_2026-02-26.csv
2026-02-26 16:26:14,203 [INFO] CSV exportado: g:\Mi unidad\Desarrollos\Contador_personas\realtime-people-counter\conteo_2026-02-26.csv (4 filas, modo=roi)
2026-02-26 16:26:14,203 [INFO] Auto-guardado: g:\Mi unidad\Desarrollos\Contador_personas\realtime-people-counter\conteo_2026-02-26.csv
2026-02-26 16:29:10,779 [INFO] Reader: finalizado (106471 frames leidos).
2026-02-26 16:29:11,038 [INFO] Processor: finalizado.
2026-02-26 16:30:45,451 [INFO] Contadores reiniciados.
2026-02-26 16:30:45,451 [INFO] Contadores reiniciados por el usuario.
2026-02-26 16:30:52,221 [INFO] Video seleccionado: G:/Mi unidad/Desarrollos/Contador_personas/A01_02_25_10000.mp4
2026-02-26 16:30:55,823 [INFO] Análisis iniciado: G:/Mi unidad/Desarrollos/Contador_personas/A01_02_25_10000.mp4
2026-02-26 16:30:55,876 [INFO] Reader: 640x480, 30.0 fps, 201174 frames
2026-02-26 16:31:14,226 [INFO] CSV exportado: g:\Mi unidad\Desarrollos\Contador_personas\realtime-people-counter\conteo_2026-02-26.csv (1 filas, modo=roi)
2026-02-26 16:31:14,227 [INFO] Auto-guardado: g:\Mi unidad\Desarrollos\Contador_personas\realtime-people-counter\conteo_2026-02-26.csv
2026-02-26 16:36:14,240 [INFO] CSV exportado: g:\Mi unidad\Desarrollos\Contador_personas\realtime-people-counter\conteo_2026-02-26.csv (1 filas, modo=roi)
2026-02-26 16:36:14,240 [INFO] Auto-guardado: g:\Mi unidad\Desarrollos\Contador_personas\realtime-people-counter\conteo_2026-02-26.csv
2026-02-26 16:41:14,261 [INFO] CSV exportado: g:\Mi unidad\Desarrollos\Contador_personas\realtime-people-counter\conteo_2026-02-26.csv (1 filas, modo=roi)
2026-02-26 16:41:14,261 [INFO] Auto-guardado: g:\Mi unidad\Desarrollos\Contador_personas\realtime-people-counter\conteo_2026-02-26.csv
2026-02-26 16:46:14,306 [INFO] CSV exportado: g:\Mi unidad\Desarrollos\Contador_personas\realtime-people-counter\conteo_2026-02-26.csv (2 filas, modo=roi)
2026-02-26 16:46:14,306 [INFO] Auto-guardado: g:\Mi unidad\Desarrollos\Contador_personas\realtime-people-counter\conteo_2026-02-26.csv
2026-02-26 16:51:14,316 [INFO] CSV exportado: g:\Mi unidad\Desarrollos\Contador_personas\realtime-people-counter\conteo_2026-02-26.csv (2 filas, modo=roi)
2026-02-26 16:51:14,316 [INFO] Auto-guardado: g:\Mi unidad\Desarrollos\Contador_personas\realtime-people-counter\conteo_2026-02-26.csv
2026-02-26 16:56:14,334 [INFO] CSV exportado: g:\Mi unidad\Desarrollos\Contador_personas\realtime-people-counter\conteo_2026-02-26.csv (2 filas, modo=roi)
2026-02-26 16:56:14,334 [INFO] Auto-guardado: g:\Mi unidad\Desarrollos\Contador_personas\realtime-people-counter\conteo_2026-02-26.csv
2026-02-26 17:00:55,978 [INFO] Reset periodico del tracker.
2026-02-26 17:01:14,415 [INFO] CSV exportado: g:\Mi unidad\Desarrollos\Contador_personas\realtime-people-counter\conteo_2026-02-26.csv (3 filas, modo=roi)
2026-02-26 17:01:14,415 [INFO] Auto-guardado: g:\Mi unidad\Desarrollos\Contador_personas\realtime-people-counter\conteo_2026-02-26.csv
2026-02-26 17:06:14,439 [INFO] CSV exportado: g:\Mi unidad\Desarrollos\Contador_personas\realtime-people-counter\conteo_2026-02-26.csv (3 filas, modo=roi)
2026-02-26 17:06:14,439 [INFO] Auto-guardado: g:\Mi unidad\Desarrollos\Contador_personas\realtime-people-counter\conteo_2026-02-26.csv
2026-02-26 17:11:14,450 [INFO] CSV exportado: g:\Mi unidad\Desarrollos\Contador_personas\realtime-people-counter\conteo_2026-02-26.csv (3 filas, modo=roi)
2026-02-26 17:11:14,457 [INFO] Auto-guardado: g:\Mi unidad\Desarrollos\Contador_personas\realtime-people-counter\conteo_2026-02-26.csv
2026-02-26 17:16:14,472 [INFO] CSV exportado: g:\Mi unidad\Desarrollos\Contador_personas\realtime-people-counter\conteo_2026-02-26.csv (4 filas, modo=roi)
2026-02-26 17:16:14,472 [INFO] Auto-guardado: g:\Mi unidad\Desarrollos\Contador_personas\realtime-people-counter\conteo_2026-02-26.csv
2026-02-26 17:21:14,505 [INFO] CSV exportado: g:\Mi unidad\Desarrollos\Contador_personas\realtime-people-counter\conteo_2026-02-26.csv (4 filas, modo=roi)
2026-02-26 17:21:14,506 [INFO] Auto-guardado: g:\Mi unidad\Desarrollos\Contador_personas\realtime-people-counter\conteo_2026-02-26.csv
2026-02-26 17:26:14,532 [INFO] CSV exportado: g:\Mi unidad\Desarrollos\Contador_personas\realtime-people-counter\conteo_2026-02-26.csv (4 filas, modo=roi)
2026-02-26 17:26:14,532 [INFO] Auto-guardado: g:\Mi unidad\Desarrollos\Contador_personas\realtime-people-counter\conteo_2026-02-26.csv
2026-02-26 17:30:56,092 [INFO] Reset periodico del tracker.
2026-02-26 17:31:14,557 [INFO] CSV exportado: g:\Mi unidad\Desarrollos\Contador_personas\realtime-people-counter\conteo_2026-02-26.csv (5 filas, modo=roi)
2026-02-26 17:31:14,557 [INFO] Auto-guardado: g:\Mi unidad\Desarrollos\Contador_personas\realtime-people-counter\conteo_2026-02-26.csv
2026-02-26 17:36:14,571 [INFO] CSV exportado: g:\Mi unidad\Desarrollos\Contador_personas\realtime-people-counter\conteo_2026-02-26.csv (5 filas, modo=roi)
2026-02-26 17:36:14,571 [INFO] Auto-guardado: g:\Mi unidad\Desarrollos\Contador_personas\realtime-people-counter\conteo_2026-02-26.csv
2026-02-26 17:41:14,603 [INFO] CSV exportado: g:\Mi unidad\Desarrollos\Contador_personas\realtime-people-counter\conteo_2026-02-26.csv (5 filas, modo=roi)
2026-02-26 17:41:14,604 [INFO] Auto-guardado: g:\Mi unidad\Desarrollos\Contador_personas\realtime-people-counter\conteo_2026-02-26.csv
2026-02-26 17:46:14,620 [INFO] CSV exportado: g:\Mi unidad\Desarrollos\Contador_personas\realtime-people-counter\conteo_2026-02-26.csv (6 filas, modo=roi)
2026-02-26 17:46:14,621 [INFO] Auto-guardado: g:\Mi unidad\Desarrollos\Contador_personas\realtime-people-counter\conteo_2026-02-26.csv
2026-02-26 17:51:14,656 [INFO] CSV exportado: g:\Mi unidad\Desarrollos\Contador_personas\realtime-people-counter\conteo_2026-02-26.csv (6 filas, modo=roi)
2026-02-26 17:51:14,657 [INFO] Auto-guardado: g:\Mi unidad\Desarrollos\Contador_personas\realtime-people-counter\conteo_2026-02-26.csv
2026-02-26 17:56:14,699 [INFO] CSV exportado: g:\Mi unidad\Desarrollos\Contador_personas\realtime-people-counter\conteo_2026-02-26.csv (6 filas, modo=roi)
2026-02-26 17:56:14,700 [INFO] Auto-guardado: g:\Mi unidad\Desarrollos\Contador_personas\realtime-people-counter\conteo_2026-02-26.csv
2026-02-26 18:00:56,269 [INFO] Reset periodico del tracker.
2026-02-26 18:01:14,727 [INFO] CSV exportado: g:\Mi unidad\Desarrollos\Contador_personas\realtime-people-counter\conteo_2026-02-26.csv (7 filas, modo=roi)
2026-02-26 18:01:14,727 [INFO] Auto-guardado: g:\Mi unidad\Desarrollos\Contador_personas\realtime-people-counter\conteo_2026-02-26.csv
2026-02-26 18:06:14,744 [INFO] CSV exportado: g:\Mi unidad\Desarrollos\Contador_personas\realtime-people-counter\conteo_2026-02-26.csv (7 filas, modo=roi)
2026-02-26 18:06:14,745 [INFO] Auto-guardado: g:\Mi unidad\Desarrollos\Contador_personas\realtime-people-counter\conteo_2026-02-26.csv
2026-02-26 18:11:14,767 [INFO] CSV exportado: g:\Mi unidad\Desarrollos\Contador_personas\realtime-people-counter\conteo_2026-02-26.csv (7 filas, modo=roi)
2026-02-26 18:11:14,768 [INFO] Auto-guardado: g:\Mi unidad\Desarrollos\Contador_personas\realtime-people-counter\conteo_2026-02-26.csv
2026-02-26 18:13:50,664 [INFO] Reader: finalizado (201174 frames leidos).
2026-02-26 18:13:50,851 [INFO] Processor: finalizado.
2026-02-26 18:16:14,788 [INFO] CSV exportado: g:\Mi unidad\Desarrollos\Contador_personas\realtime-people-counter\conteo_2026-02-26.csv (7 filas, modo=roi)
2026-02-26 18:16:14,789 [INFO] Auto-guardado: g:\Mi unidad\Desarrollos\Contador_personas\realtime-people-counter\conteo_2026-02-26.csv
2026-02-26 18:21:14,854 [INFO] CSV exportado: g:\Mi unidad\Desarrollos\Contador_personas\realtime-people-counter\conteo_2026-02-26.csv (7 filas, modo=roi)
2026-02-26 18:21:14,854 [INFO] Auto-guardado: g:\Mi unidad\Desarrollos\Contador_personas\realtime-people-counter\conteo_2026-02-26.csv
2026-02-26 18:26:14,878 [INFO] CSV exportado: g:\Mi unidad\Desarrollos\Contador_personas\realtime-people-counter\conteo_2026-02-26.csv (7 filas, modo=roi)
2026-02-26 18:26:14,879 [INFO] Auto-guardado: g:\Mi unidad\Desarrollos\Contador_personas\realtime-people-counter\conteo_2026-02-26.csv
2026-02-26 18:31:01,671 [INFO] CSV exportado: G:/Mi unidad/Desarrollos/Contador_personas/conteo_2026-02-26_183058.csv (7 filas, modo=roi)
2026-02-26 18:31:07,135 [INFO] Contadores reiniciados.
2026-02-26 18:31:07,136 [INFO] Contadores reiniciados por el usuario.
2026-02-26 18:31:16,210 [INFO] Video seleccionado: G:/Mi unidad/Desarrollos/Contador_personas/A01_02_25_90000.mp4
2026-02-26 18:31:19,513 [INFO] Análisis iniciado: G:/Mi unidad/Desarrollos/Contador_personas/A01_02_25_90000.mp4
2026-02-26 18:31:19,538 [INFO] Reader: 640x480, 30.0 fps, 106471 frames
2026-02-26 18:36:14,918 [INFO] CSV exportado: g:\Mi unidad\Desarrollos\Contador_personas\realtime-people-counter\conteo_2026-02-26.csv (1 filas, modo=roi)
2026-02-26 18:36:14,918 [INFO] Auto-guardado: g:\Mi unidad\Desarrollos\Contador_personas\realtime-people-counter\conteo_2026-02-26.csv
2026-02-26 18:41:14,941 [INFO] CSV exportado: g:\Mi unidad\Desarrollos\Contador_personas\realtime-people-counter\conteo_2026-02-26.csv (1 filas, modo=roi)
2026-02-26 18:41:14,942 [INFO] Auto-guardado: g:\Mi unidad\Desarrollos\Contador_personas\realtime-people-counter\conteo_2026-02-26.csv
2026-02-26 18:46:14,965 [INFO] CSV exportado: g:\Mi unidad\Desarrollos\Contador_personas\realtime-people-counter\conteo_2026-02-26.csv (2 filas, modo=roi)
2026-02-26 18:46:14,966 [INFO] Auto-guardado: g:\Mi unidad\Desarrollos\Contador_personas\realtime-people-counter\conteo_2026-02-26.csv
2026-02-26 18:51:14,996 [INFO] CSV exportado: g:\Mi unidad\Desarrollos\Contador_personas\realtime-people-counter\conteo_2026-02-26.csv (2 filas, modo=roi)
2026-02-26 18:51:14,997 [INFO] Auto-guardado: g:\Mi unidad\Desarrollos\Contador_personas\realtime-people-counter\conteo_2026-02-26.csv
2026-02-26 18:56:15,014 [INFO] CSV exportado: g:\Mi unidad\Desarrollos\Contador_personas\realtime-people-counter\conteo_2026-02-26.csv (2 filas, modo=roi)
2026-02-26 18:56:15,015 [INFO] Auto-guardado: g:\Mi unidad\Desarrollos\Contador_personas\realtime-people-counter\conteo_2026-02-26.csv
2026-02-26 19:01:15,035 [INFO] CSV exportado: g:\Mi unidad\Desarrollos\Contador_personas\realtime-people-counter\conteo_2026-02-26.csv (3 filas, modo=roi)
2026-02-26 19:01:15,036 [INFO] Auto-guardado: g:\Mi unidad\Desarrollos\Contador_personas\realtime-people-counter\conteo_2026-02-26.csv
2026-02-26 19:01:19,683 [INFO] Reset periodico del tracker.
2026-02-26 19:06:15,054 [INFO] CSV exportado: g:\Mi unidad\Desarrollos\Contador_personas\realtime-people-counter\conteo_2026-02-26.csv (3 filas, modo=roi)
2026-02-26 19:06:15,055 [INFO] Auto-guardado: g:\Mi unidad\Desarrollos\Contador_personas\realtime-people-counter\conteo_2026-02-26.csv
2026-02-26 19:27:55,149 [INFO] CSV exportado: g:\Mi unidad\Desarrollos\Contador_personas\realtime-people-counter\conteo_2026-02-26.csv (3 filas, modo=roi)
2026-02-26 19:27:55,190 [INFO] Auto-guardado: g:\Mi unidad\Desarrollos\Contador_personas\realtime-people-counter\conteo_2026-02-26.csv
2026-02-26 19:31:19,877 [INFO] Reset periodico del tracker.
2026-02-26 19:32:55,246 [INFO] CSV exportado: g:\Mi unidad\Desarrollos\Contador_personas\realtime-people-counter\conteo_2026-02-26.csv (4 filas, modo=roi)
2026-02-26 19:32:55,247 [INFO] Auto-guardado: g:\Mi unidad\Desarrollos\Contador_personas\realtime-people-counter\conteo_2026-02-26.csv
2026-02-26 19:37:55,269 [INFO] CSV exportado: g:\Mi unidad\Desarrollos\Contador_personas\realtime-people-counter\conteo_2026-02-26.csv (4 filas, modo=roi)
2026-02-26 19:37:55,270 [INFO] Auto-guardado: g:\Mi unidad\Desarrollos\Contador_personas\realtime-people-counter\conteo_2026-02-26.csv
2026-02-26 19:38:12,956 [INFO] Reader: finalizado (106471 frames leidos).
2026-02-26 19:38:13,168 [INFO] Processor: finalizado.
2026-02-26 19:42:55,299 [INFO] CSV exportado: g:\Mi unidad\Desarrollos\Contador_personas\realtime-people-counter\conteo_2026-02-26.csv (4 filas, modo=roi)
2026-02-26 19:42:55,300 [INFO] Auto-guardado: g:\Mi unidad\Desarrollos\Contador_personas\realtime-people-counter\conteo_2026-02-26.csv
2026-02-26 19:59:05,961 [INFO] CSV exportado: g:\Mi unidad\Desarrollos\Contador_personas\realtime-people-counter\conteo_2026-02-26.csv (4 filas, modo=roi)
2026-02-26 19:59:05,974 [INFO] Auto-guardado: g:\Mi unidad\Desarrollos\Contador_personas\realtime-people-counter\conteo_2026-02-26.csv
2026-02-26 19:59:18,463 [INFO] CSV exportado: G:/Mi unidad/Desarrollos/Contador_personas/conteo_2026-02-26_195913.csv (4 filas, modo=roi)
2026-02-26 19:59:22,350 [INFO] Cerrando aplicacion...
2026-02-26 19:59:22,368 [INFO] CSV exportado: g:\Mi unidad\Desarrollos\Contador_personas\realtime-people-counter\conteo_2026-02-26.csv (4 filas, modo=roi)
2026-02-26 19:59:22,369 [INFO] Datos guardados al cerrar: g:\Mi unidad\Desarrollos\Contador_personas\realtime-people-counter\conteo_2026-02-26.csv
2026-02-26 19:59:22,411 [INFO] Aplicacion cerrada.
2026-02-27 12:23:10,189 [INFO] Cargando modelo YOLO: yolov8s.pt
2026-02-27 12:23:10,189 [INFO] Aplicacion iniciada.
2026-02-27 12:23:11,925 [INFO] Modelo cargado correctamente.
2026-02-27 12:24:31,667 [INFO] Video seleccionado: G:/Mi unidad/Desarrollos/Contador_personas/A04_20260225102826.mp4
2026-02-27 12:24:34,541 [INFO] Análisis iniciado: G:/Mi unidad/Desarrollos/Contador_personas/A04_20260225102826.mp4
2026-02-27 12:24:34,569 [INFO] Reader: 960x1088, 60.0 fps, 316624 frames
2026-02-27 12:24:42,327 [INFO] Análisis detenido por el usuario.
2026-02-27 12:24:42,340 [INFO] Processor: finalizado.
2026-02-27 12:24:44,293 [INFO] Modo de conteo cambiado a: fov
2026-02-27 12:24:46,133 [INFO] Reader: finalizado (265 frames leidos).
2026-02-27 12:24:46,133 [INFO] Processor: finalizado.
2026-02-27 12:24:46,147 [INFO] Análisis iniciado: G:/Mi unidad/Desarrollos/Contador_personas/A04_20260225102826.mp4
2026-02-27 12:24:46,188 [INFO] Reader: 960x1088, 60.0 fps, 316624 frames
2026-02-27 12:24:50,563 [INFO] Contadores reiniciados.
2026-02-27 12:24:50,566 [INFO] Contadores reiniciados por el usuario.
2026-02-27 12:24:52,047 [INFO] Análisis iniciado: G:/Mi unidad/Desarrollos/Contador_personas/A04_20260225102826.mp4
2026-02-27 12:24:52,078 [INFO] Reader: 960x1088, 60.0 fps, 316624 frames
2026-02-27 12:25:17,693 [INFO] Cerrando aplicacion...
2026-02-27 12:25:17,710 [INFO] CSV exportado: g:\Mi unidad\Desarrollos\Contador_personas\realtime-people-counter\conteo_2026-02-27.csv (1 filas, modo=fov)
2026-02-27 12:25:17,710 [INFO] Datos guardados al cerrar: g:\Mi unidad\Desarrollos\Contador_personas\realtime-people-counter\conteo_2026-02-27.csv
2026-02-27 12:25:17,715 [INFO] Processor: finalizado.
2026-02-27 12:25:23,729 [INFO] Aplicacion cerrada.
2026-02-27 13:20:56,460 [INFO] Cargando modelo YOLO: yolov8s.pt
2026-02-27 13:20:56,460 [INFO] Aplicacion iniciada.
2026-02-27 13:20:58,684 [INFO] Modelo cargado correctamente.
2026-02-27 13:21:13,771 [INFO] Video seleccionado: G:/Mi unidad/Desarrollos/Contador_personas/A01_02_25_12000.mp4
2026-02-27 13:21:17,338 [INFO] Modo de conteo cambiado a: roi
2026-02-27 13:21:19,683 [INFO] Análisis iniciado: G:/Mi unidad/Desarrollos/Contador_personas/A01_02_25_12000.mp4
2026-02-27 13:21:19,762 [INFO] Reader: 640x480, 30.0 fps, 221135 frames
2026-02-27 13:22:35,635 [INFO] Processor: finalizado.
2026-02-27 13:22:35,635 [INFO] Análisis detenido por el usuario.
2026-02-27 13:22:36,419 [INFO] Cerrando aplicacion...
2026-02-27 13:22:36,425 [INFO] Reader: finalizado (1915 frames leidos).
2026-02-27 13:22:36,455 [INFO] CSV exportado: g:\Mi unidad\Desarrollos\Contador_personas\realtime-people-counter\conteo_2026-02-27.csv (1 filas, modo=roi)
2026-02-27 13:22:36,457 [INFO] Datos guardados al cerrar: g:\Mi unidad\Desarrollos\Contador_personas\realtime-people-counter\conteo_2026-02-27.csv
2026-02-27 13:22:36,526 [INFO] Aplicacion cerrada.
2026-02-27 13:32:12,047 [INFO] Cargando modelo YOLO: yolov8s.pt
2026-02-27 13:32:12,047 [INFO] Aplicacion iniciada.
2026-02-27 13:32:14,354 [INFO] Modelo cargado correctamente.
2026-02-27 13:35:05,666 [INFO] Video seleccionado: G:/Mi unidad/Desarrollos/Contador_personas/A04_20260225115624.mp4
2026-02-27 13:35:16,447 [INFO] Modo de conteo cambiado a: fov
2026-02-27 13:35:17,793 [INFO] Análisis iniciado: G:/Mi unidad/Desarrollos/Contador_personas/A04_20260225115624.mp4
2026-02-27 13:35:17,879 [INFO] Reader: 960x1088, 60.0 fps, 307024 frames
2026-02-27 13:37:12,086 [INFO] CSV exportado: g:\Mi unidad\Desarrollos\Contador_personas\realtime-people-counter\conteo_2026-02-27.csv (1 filas, modo=fov)
2026-02-27 13:37:12,086 [INFO] Auto-guardado: g:\Mi unidad\Desarrollos\Contador_personas\realtime-people-counter\conteo_2026-02-27.csv
2026-02-27 13:40:39,434 [INFO] Processor: finalizado.
2026-02-27 13:40:39,436 [INFO] Análisis detenido por el usuario.
2026-02-27 13:40:42,544 [INFO] Contadores reiniciados.
2026-02-27 13:40:42,544 [INFO] Contadores reiniciados por el usuario.
2026-02-27 13:40:43,627 [INFO] Cerrando aplicacion...
2026-02-27 13:40:43,627 [INFO] Reader: finalizado (9119 frames leidos).
2026-02-27 13:40:43,754 [INFO] Aplicacion cerrada.
2026-02-27 13:45:51,249 [INFO] Cargando modelo YOLO: yolov8s.pt
2026-02-27 13:45:51,249 [INFO] Aplicacion iniciada.
2026-02-27 13:45:53,604 [INFO] Modelo cargado correctamente.
2026-02-27 13:46:05,752 [INFO] Video seleccionado: G:/Mi unidad/Desarrollos/Contador_personas/A04_20260225132141.mp4
2026-02-27 13:46:07,529 [INFO] Análisis iniciado: G:/Mi unidad/Desarrollos/Contador_personas/A04_20260225132141.mp4
2026-02-27 13:46:07,601 [INFO] Reader: 960x1088, 60.0 fps, 317344 frames
2026-02-27 13:46:18,253 [INFO] Modo de conteo cambiado a: roi
2026-02-27 13:46:21,003 [INFO] Modo de conteo cambiado a: fov
2026-02-27 13:46:47,059 [INFO] Análisis detenido por el usuario.
2026-02-27 13:46:47,096 [INFO] Processor: finalizado.
2026-02-27 13:46:48,812 [INFO] Cerrando aplicacion...
2026-02-27 13:46:48,812 [INFO] Reader: finalizado (1231 frames leidos).
2026-02-27 13:46:48,899 [INFO] Aplicacion cerrada.
2026-03-08 16:23:23,639 [INFO] Cargando modelo YOLO: yolov8s.pt
2026-03-08 16:23:23,640 [INFO] Aplicación iniciada.
2026-03-08 16:23:26,597 [INFO] Modelo cargado correctamente.
2026-03-08 16:23:42,014 [INFO] Video seleccionado: G:/Mi unidad/Desarrollos/Contador_personas/A01_02_25_90000.mp4
2026-03-08 16:24:08,629 [INFO] Análisis iniciado: G:/Mi unidad/Desarrollos/Contador_personas/A01_02_25_90000.mp4
2026-03-08 16:24:08,685 [INFO] Reader: 640x480, 30.0 fps, 106471 frames
2026-03-08 16:27:46,920 [INFO] Análisis detenido por el usuario.
2026-03-08 16:27:47,089 [INFO] Processor: finalizado.
2026-03-08 16:27:48,492 [INFO] Cerrando aplicación...
2026-03-08 16:27:48,494 [INFO] Reader: finalizado (9828 frames leídos).
2026-03-08 16:27:48,516 [INFO] CSV exportado: g:\Mi unidad\Desarrollos\Contador_personas\realtime-people-counter\conteo_2026-03-08.csv (1 filas, modo=line)
2026-03-08 16:27:48,528 [INFO] Datos guardados al cerrar: g:\Mi unidad\Desarrollos\Contador_personas\realtime-people-counter\conteo_2026-03-08.csv
2026-03-08 16:27:48,658 [INFO] Aplicación cerrada.
2026-03-08 16:31:14,829 [INFO] Cargando modelo YOLO: yolov8s.pt
2026-03-08 16:31:14,829 [INFO] Aplicación iniciada.
2026-03-08 16:31:16,907 [INFO] Modelo cargado correctamente.
2026-03-08 16:31:37,424 [INFO] Video seleccionado: G:/Mi unidad/Desarrollos/Contador_personas/A01_02_25_14000.mp4
2026-03-08 16:31:59,692 [INFO] Análisis iniciado: G:/Mi unidad/Desarrollos/Contador_personas/A01_02_25_14000.mp4
2026-03-08 16:31:59,781 [INFO] Reader: 640x480, 30.0 fps, 236311 frames
2026-03-08 16:33:21,084 [INFO] Análisis detenido por el usuario.
2026-03-08 16:33:21,098 [INFO] Processor: finalizado.
2026-03-08 16:33:22,633 [INFO] Contadores reiniciados.
2026-03-08 16:33:22,644 [INFO] Contadores reiniciados por el usuario.
2026-03-08 16:33:24,669 [INFO] Modo de conteo cambiado a: fov
2026-03-08 16:33:27,045 [INFO] Reader: finalizado (3700 frames leídos).
2026-03-08 16:33:27,054 [INFO] Processor: finalizado.
2026-03-08 16:33:27,064 [INFO] Análisis iniciado: G:/Mi unidad/Desarrollos/Contador_personas/A01_02_25_14000.mp4
2026-03-08 16:33:27,141 [INFO] Reader: 640x480, 30.0 fps, 236311 frames
2026-03-08 16:33:39,408 [INFO] Análisis iniciado: G:/Mi unidad/Desarrollos/Contador_personas/A01_02_25_14000.mp4
2026-03-08 16:33:39,469 [INFO] Reader: 640x480, 30.0 fps, 236311 frames
2026-03-08 16:35:12,290 [INFO] Cerrando aplicación...
2026-03-08 16:35:12,311 [INFO] CSV exportado: g:\Mi unidad\Desarrollos\Contador_personas\realtime-people-counter\conteo_2026-03-08.csv (1 filas, modo=fov)
2026-03-08 16:35:12,312 [INFO] Processor: finalizado.
2026-03-08 16:35:12,317 [INFO] Datos guardados al cerrar: g:\Mi unidad\Desarrollos\Contador_personas\realtime-people-counter\conteo_2026-03-08.csv
2026-03-08 16:35:18,574 [INFO] Aplicación cerrada.
2026-03-08 17:49:06,387 [INFO] ============================================================
2026-03-08 17:49:06,396 [INFO] Iniciando Contador de Personas
2026-03-08 17:49:06,396 [INFO] ============================================================
2026-03-08 17:49:06,396 [INFO] Cargando modelo YOLO… (puede tardar unos segundos)
2026-03-08 17:49:06,397 [INFO] Cargando modelo YOLO: yolov8s.pt (device=0)
2026-03-08 17:49:08,303 [INFO] Modelo cargado correctamente.
2026-03-08 17:49:08,303 [INFO] Captura de cámara iniciada.
2026-03-08 17:49:08,312 [INFO] Dashboard disponible en http://0.0.0.0:8000
2026-03-08 17:49:08,312 [INFO] Usa Ctrl+C para detener.
2026-03-08 17:49:08,797 [INFO] Broadcast WebSocket iniciado (cada 1.0 s).
2026-03-08 17:49:10,574 [INFO] Cámara abierta: 1280x720 @ 30.0 fps
2026-03-08 17:49:59,453 [INFO] Deteniendo captura de cámara…
2026-03-08 17:49:59,831 [INFO] Cámara liberada. Total de frames procesados: 465
2026-03-08 17:49:59,838 [INFO] Captura de cámara detenida.
2026-03-08 17:49:59,851 [INFO] CSV exportado: g:\Mi unidad\Desarrollos\Contador_personas\realtime-people-counter\data\conteo_2026-03-08.csv (1 filas, modo=line)
2026-03-08 17:49:59,854 [INFO] Datos guardados al cerrar.
2026-03-08 17:49:59,855 [INFO] Aplicación cerrada.
2026-03-08 17:51:13,484 [INFO] ============================================================
2026-03-08 17:51:13,484 [INFO] Iniciando Contador de Personas
2026-03-08 17:51:13,484 [INFO] ============================================================
2026-03-08 17:51:13,484 [INFO] Cargando modelo YOLO… (puede tardar unos segundos)
2026-03-08 17:51:13,484 [INFO] Cargando modelo YOLO: yolov8s.pt (device=0)
2026-03-08 17:51:15,779 [INFO] Modelo cargado correctamente.
2026-03-08 17:51:15,779 [INFO] Captura de cámara iniciada.
2026-03-08 17:51:15,779 [INFO] Dashboard disponible en http://localhost:8000
2026-03-08 17:51:15,787 [INFO] Usa Ctrl+C para detener.
2026-03-08 17:51:16,216 [INFO] Broadcast WebSocket iniciado (cada 1.0 s).
2026-03-08 17:51:17,992 [INFO] Cámara abierta: 1280x720 @ 30.0 fps
2026-03-08 17:51:24,303 [INFO] Cliente WS conectado. Total activos: 1
2026-03-08 17:52:18,513 [INFO] Cliente WS desconectado. Total activos: 0
2026-03-08 17:52:21,915 [INFO] Deteniendo captura de cámara…
2026-03-08 17:52:22,232 [INFO] Cámara liberada. Total de frames procesados: 621
2026-03-08 17:52:22,232 [INFO] Captura de cámara detenida.
2026-03-08 17:52:22,258 [INFO] CSV exportado: g:\Mi unidad\Desarrollos\Contador_personas\realtime-people-counter\data\conteo_2026-03-08.csv (1 filas, modo=line)
2026-03-08 17:52:22,259 [INFO] Datos guardados al cerrar.
2026-03-08 17:52:22,263 [INFO] Aplicación cerrada.
2026-03-08 18:21:45,744 [INFO] ============================================================
2026-03-08 18:21:45,744 [INFO] Iniciando Contador de Personas
2026-03-08 18:21:45,744 [INFO] ============================================================
2026-03-08 18:21:45,744 [INFO] Cargando modelo YOLO… (puede tardar unos segundos)
2026-03-08 18:21:45,744 [INFO] Cargando modelo YOLO: yolov8s.pt (device=0)
2026-03-08 18:21:48,773 [INFO] Modelo cargado correctamente.
2026-03-08 18:21:48,773 [INFO] Captura de cámara iniciada.
2026-03-08 18:21:48,782 [INFO] Broadcast WebSocket iniciado (cada 1.0 s).
2026-03-08 18:21:48,782 [INFO] Dashboard disponible en http://localhost:8000
2026-03-08 18:21:48,782 [INFO] Usa Ctrl+C para detener.
2026-03-08 18:21:48,878 [INFO] [31m[1mWARNING: This is a development server. Do not use it in a production deployment. Use a production WSGI server instead.[0m
 * Running on http://localhost:8000
2026-03-08 18:21:48,878 [INFO] [33mPress CTRL+C to quit[0m
2026-03-08 18:21:50,727 [INFO] Cámara abierta: 1280x720 @ 30.0 fps
2026-03-08 18:22:01,698 [INFO] 127.0.0.1 - - [08/Mar/2026 18:22:01] "GET / HTTP/1.1" 200 -
2026-03-08 18:22:01,763 [INFO] 127.0.0.1 - - [08/Mar/2026 18:22:01] "GET /style.css HTTP/1.1" 200 -
2026-03-08 18:22:01,872 [INFO] 127.0.0.1 - - [08/Mar/2026 18:22:01] "GET /video_feed HTTP/1.1" 200 -
2026-03-08 18:22:02,088 [INFO] 127.0.0.1 - - [08/Mar/2026 18:22:02] "GET /app.js HTTP/1.1" 200 -
2026-03-08 18:22:02,423 [INFO] Cliente WS conectado. Total activos: 1
2026-03-08 18:22:59,668 [INFO] Deteniendo captura de cámara…
2026-03-08 18:22:59,963 [INFO] Cámara liberada. Total de frames procesados: 684
2026-03-08 18:23:00,038 [INFO] Captura de cámara detenida.
2026-03-08 18:23:00,055 [INFO] CSV exportado: g:\Mi unidad\Desarrollos\Contador_personas\realtime-people-counter\data\conteo_2026-03-08.csv (1 filas, modo=line)
2026-03-08 18:23:00,056 [INFO] Datos guardados al cerrar.
2026-03-08 18:23:00,057 [INFO] Aplicación cerrada.
